ARM Linker, 5.03 [Build 76] [MDK-ARM Standard]

==============================================================================

Section Cross References

    boot_vectors.o(RESET) refers to boot_vectors.o(STACK) for __initial_sp
    boot_vectors.o(RESET) refers to boot_vectors.o(.text) for Reset_Handler
    boot_vectors.o(RESET) refers to rwble.o(.text) for BLE_WAKEUP_LP_Handler
    boot_vectors.o(RESET) refers to pwm.o(.text) for SWTIM_Handler
    boot_vectors.o(RESET) refers to uart_sps.o(.text) for UART_Handler
    boot_vectors.o(RESET) refers to uart2.o(.text) for UART2_Handler
    boot_vectors.o(RESET) refers to gpio.o(.text) for GPIO0_Handler
    boot_vectors.o(.text) refers to system_armcm0.o(.text) for SystemInit
    boot_vectors.o(.text) refers to entry.o(.ARM.Collect$$$$00000000) for __main
    boot_vectors.o(.text) refers to nmi_handler.o(.text) for NMI_HandlerC
    boot_vectors.o(.text) refers to hardfault_handler.o(.text) for HardFault_HandlerC
    boot_vectors.o(.text) refers to arch_main.o(.text) for SVC_Handler_c
    arch_main.o(.text) refers to arch_system.o(.text) for set_sleep_delay
    arch_main.o(.text) refers to gpio.o(i.GPIO_init) for GPIO_init
    arch_main.o(.text) refers to periph_setup.o(.text) for periph_init
    arch_main.o(.text) refers to nvds.o(.text) for nvds_read_bdaddr_from_otp
    arch_main.o(.text) refers to rf_580.o(.text) for iq_trim_from_otp
    arch_main.o(.text) refers to arch_sleep.o(.text) for app_disable_sleep
    arch_main.o(.text) refers to app.o(.text) for app_init
    arch_main.o(.text) refers to app_stream_queue.o(.text) for stream_fifo_init
    arch_main.o(.text) refers to app_sps_uart.o(.text) for ble_data_poll
    arch_main.o(.text) refers to rwip.o(.text) for rwip_sleep
    arch_main.o(.text) refers to arch_main.o(.constdata) for .constdata
    arch_main.o(.text) refers to arch_main.o(retention_mem_area0) for retention_mem_area0
    arch_main.o(.text) refers to arch_main.o(BLE_exchange_memory) for BLE_exchange_memory
    arch_main.o(.text) refers to arch_system.o(retention_mem_area0) for lp_clk_sel
    arch_main.o(.text) refers to jump_table.o(jump_table_mem_area) for jump_table_base
    arch_main.o(.constdata) refers to arch_main.o(.text) for cmp_abs_time
    arch_main.o(.constdata) refers to atts_task.obj(.text) for l2cc_pdu_recv_ind_handler
    arch_main.o(.constdata) refers to smpc.obj(.text) for smpc_send_pairing_req_ind
    arch_main.o(.constdata) refers to smpc_task.obj(.text) for smpc_pairing_cfm_handler
    arch_main.o(.constdata) refers to ch_map.obj(.text) for my_llc_con_update_req_ind
    arch_main.o(.constdata) refers to gapm_util.obj(.text) for patched_gapm_adv_op_sanity
    jump_table.o(jump_table_mem_area) refers to arch_main.o(.text) for main_func
    jump_table.o(jump_table_mem_area) refers to rf_580.o(.text) for rf_init_func
    jump_table.o(jump_table_mem_area) refers to prf_utils.o(.text) for prf_init_func
    jump_table.o(jump_table_mem_area) refers to arch_system.o(.text) for uart_flow_off_func
    jump_table.o(jump_table_mem_area) refers to rwble.o(.text) for lld_sleep_compensate_func_patched
    jump_table.o(jump_table_mem_area) refers to jump_table.o(heap_mem_area_not_ret) for rwip_heap_non_ret
    jump_table.o(jump_table_mem_area) refers to jump_table.o(heap_env_area) for rwip_heap_env_ret
    jump_table.o(jump_table_mem_area) refers to jump_table.o(heap_db_area) for rwip_heap_db_ret
    jump_table.o(jump_table_mem_area) refers to jump_table.o(heap_msg_area) for rwip_heap_msg_ret
    jump_table.o(jump_table_mem_area) refers to ke_task.obj(.text) for ke_task_init_func
    jump_table.o(jump_table_mem_area) refers to nvds.o(.text) for custom_nvds_get_func
    jump_table.o(jump_table_mem_area) refers to arch_main.o(.constdata) for LUT_CFG
    arch_sleep.o(.text) refers to arch_sleep.o(retention_mem_area0) for retention_mem_area0
    arch_sleep.o(.text) refers to rwble.o(retention_mem_area0) for rwble_last_event
    periph_setup.o(.text) refers to pwm.o(i.set_tmr_enable) for set_tmr_enable
    periph_setup.o(.text) refers to pwm.o(.text) for timer0_init
    periph_setup.o(.text) refers to pwm.o(i.timer0_set_pwm_high_counter) for timer0_set_pwm_high_counter
    periph_setup.o(.text) refers to pwm.o(i.timer0_set_pwm_low_counter) for timer0_set_pwm_low_counter
    periph_setup.o(.text) refers to gpio.o(i.GPIO_ConfigurePin) for GPIO_ConfigurePin
    periph_setup.o(.text) refers to arch_main.o(.text) for patch_func
    periph_setup.o(.text) refers to uart_sps.o(.text) for uart_sps_init
    periph_setup.o(.text) refers to pwm.o(i.timer0_register_callback) for timer0_register_callback
    periph_setup.o(.text) refers to periph_setup.o(.bss) for .bss
    periph_setup.o(.text) refers to periph_setup.o(.data) for .data
    periph_setup.o(.text) refers to gpio.o(.bss) for GPIO
    periph_setup.o(.text) refers to pwm.o(.bss) for TIMER0_callback
    arch_system.o(.text) refers to ffltui.o(.text) for __aeabi_ui2f
[...]
    co_sca2ppm                               0x00033e28   Data           0  rom_symdef.txt ABSOLUTE
    co_null_bdaddr                           0x00033e38   Data           0  rom_symdef.txt ABSOLUTE
    co_default_bdaddr                        0x00033e3e   Data           0  rom_symdef.txt ABSOLUTE
    dbg_default_handler                      0x00033f14   Data           0  rom_symdef.txt ABSOLUTE
    llc_state_handler                        0x000340dc   Data           0  rom_symdef.txt ABSOLUTE
    llc_default_handler                      0x0003418c   Data           0  rom_symdef.txt ABSOLUTE
    llm_local_cmds                           0x000341bc   Data           0  rom_symdef.txt ABSOLUTE
    llm_local_le_feats                       0x000341fc   Data           0  rom_symdef.txt ABSOLUTE
    llm_local_le_states                      0x00034204   Data           0  rom_symdef.txt ABSOLUTE
    llm_state_handler                        0x00034354   Data           0  rom_symdef.txt ABSOLUTE
    llm_default_handler                      0x00034384   Data           0  rom_symdef.txt ABSOLUTE
    LLM_AA_CT1                               0x0003438c   Data           0  rom_symdef.txt ABSOLUTE
    LLM_AA_CT2                               0x0003438f   Data           0  rom_symdef.txt ABSOLUTE
    gtl_default_state                        0x000343a4   Data           0  rom_symdef.txt ABSOLUTE
    gtl_default_handler                      0x000343bc   Data           0  rom_symdef.txt ABSOLUTE
    attc_default_state                       0x000343d8   Data           0  rom_symdef.txt ABSOLUTE
    attc_state_handler                       0x000343f8   Data           0  rom_symdef.txt ABSOLUTE
    attc_default_handler                     0x00034410   Data           0  rom_symdef.txt ABSOLUTE
    attm_default_state                       0x00034428   Data           0  rom_symdef.txt ABSOLUTE
    attm_state_handler                       0x00034480   Data           0  rom_symdef.txt ABSOLUTE
    attm_default_handler                     0x00034488   Data           0  rom_symdef.txt ABSOLUTE
    atts_default_state                       0x000344a0   Data           0  rom_symdef.txt ABSOLUTE
    atts_state_handler                       0x000344d0   Data           0  rom_symdef.txt ABSOLUTE
    atts_default_handler                     0x000344f8   Data           0  rom_symdef.txt ABSOLUTE
    gattc_default_state                      0x00034510   Data           0  rom_symdef.txt ABSOLUTE
    gattc_state_handler                      0x00034598   Data           0  rom_symdef.txt ABSOLUTE
    gattc_default_handler                    0x000345b0   Data           0  rom_symdef.txt ABSOLUTE
    gattm_default_state                      0x00034604   Data           0  rom_symdef.txt ABSOLUTE
    gattm_state_handler                      0x00034614   Data           0  rom_symdef.txt ABSOLUTE
    gattm_default_handler                    0x00034624   Data           0  rom_symdef.txt ABSOLUTE
    l2cc_default_state                       0x0003463c   Data           0  rom_symdef.txt ABSOLUTE
    l2cc_state_handler                       0x00034654   Data           0  rom_symdef.txt ABSOLUTE
    l2cc_default_handler                     0x0003466c   Data           0  rom_symdef.txt ABSOLUTE
    l2cm_default_state                       0x00034684   Data           0  rom_symdef.txt ABSOLUTE
    l2cm_state_handler                       0x0003468c   Data           0  rom_symdef.txt ABSOLUTE
    l2cm_default_handler                     0x00034694   Data           0  rom_symdef.txt ABSOLUTE
    smpc_default_state                       0x000346c8   Data           0  rom_symdef.txt ABSOLUTE
    smpc_state_handler                       0x00034760   Data           0  rom_symdef.txt ABSOLUTE
    smpc_default_handler                     0x00034780   Data           0  rom_symdef.txt ABSOLUTE
    smpm_default_state                       0x00034798   Data           0  rom_symdef.txt ABSOLUTE
    smpm_state_handler                       0x000347d0   Data           0  rom_symdef.txt ABSOLUTE
    smpm_default_handler                     0x000347e0   Data           0  rom_symdef.txt ABSOLUTE
    gapc_default_state                       0x000347f8   Data           0  rom_symdef.txt ABSOLUTE
    gapc_state_handler                       0x00034910   Data           0  rom_symdef.txt ABSOLUTE
    gapc_default_handler                     0x00034928   Data           0  rom_symdef.txt ABSOLUTE
    gapm_default_state                       0x000349ec   Data           0  rom_symdef.txt ABSOLUTE
    gapm_state_handler                       0x00034b94   Data           0  rom_symdef.txt ABSOLUTE
    gapm_default_handler                     0x00034bbc   Data           0  rom_symdef.txt ABSOLUTE
    smpc_construct_pdu                       0x00034ce8   Data           0  rom_symdef.txt ABSOLUTE
    smpc_recv_pdu                            0x00034d18   Data           0  rom_symdef.txt ABSOLUTE
    dummy                                    0x00080000   Data           0  rom_symdef.txt ABSOLUTE
    sleep_env                                0x00080254   Data           0  rom_symdef.txt ABSOLUTE
    iq_trim_bias_ctrl1_reg                   0x00080256   Data           0  rom_symdef.txt ABSOLUTE
    co_buf_env                               0x00080258   Data           0  rom_symdef.txt ABSOLUTE
    dbg_state                                0x00080348   Data           0  rom_symdef.txt ABSOLUTE
    iq_trim_rf_mixer_ctrl1_reg               0x0008034a   Data           0  rom_symdef.txt ABSOLUTE
    llc_env                                  0x0008034c   Data           0  rom_symdef.txt ABSOLUTE
    llc_state                                0x00080364   Data           0  rom_symdef.txt ABSOLUTE
    ret_winsize_var                          0x0008036a   Data           0  rom_symdef.txt ABSOLUTE
    lld_evt_env                              0x0008036c   Data           0  rom_symdef.txt ABSOLUTE
    lld_sleep_env                            0x0008038c   Data           0  rom_symdef.txt ABSOLUTE
    llm_le_env                               0x00080390   Data           0  rom_symdef.txt ABSOLUTE
    llm_le_env_lpus                          0x000803e4   Data           0  rom_symdef.txt ABSOLUTE
    llm_bt_env                               0x0008042a   Data           0  rom_symdef.txt ABSOLUTE
    llm_state                                0x00080432   Data           0  rom_symdef.txt ABSOLUTE
    uart_env                                 0x00080434   Data           0  rom_symdef.txt ABSOLUTE
    vcocal_ctrl_reg_val                      0x00080452   Data           0  rom_symdef.txt ABSOLUTE
    last_temp_count                          0x00080478   Data           0  rom_symdef.txt ABSOLUTE
    last_temp_time                           0x0008047c   Data           0  rom_symdef.txt ABSOLUTE
    gtl_env                                  0x00080480   Data           0  rom_symdef.txt ABSOLUTE
    gtl_state                                0x000804a4   Data           0  rom_symdef.txt ABSOLUTE
    attc_state                               0x000804a5   Data           0  rom_symdef.txt ABSOLUTE
    attm_env                                 0x000804ac   Data           0  rom_symdef.txt ABSOLUTE
    attm_state                               0x000804b4   Data           0  rom_symdef.txt ABSOLUTE
    atts_env                                 0x000804b8   Data           0  rom_symdef.txt ABSOLUTE
    atts_state                               0x000804d0   Data           0  rom_symdef.txt ABSOLUTE
    gattc_env                                0x000804d8   Data           0  rom_symdef.txt ABSOLUTE
    gattc_state                              0x000804f0   Data           0  rom_symdef.txt ABSOLUTE
    gattm_env                                0x000804f6   Data           0  rom_symdef.txt ABSOLUTE
    gattm_state                              0x000804fc   Data           0  rom_symdef.txt ABSOLUTE
    l2cc_env                                 0x00080500   Data           0  rom_symdef.txt ABSOLUTE
    l2cc_state                               0x00080518   Data           0  rom_symdef.txt ABSOLUTE
    l2cm_env                                 0x0008051e   Data           0  rom_symdef.txt ABSOLUTE
    l2cm_state                               0x00080524   Data           0  rom_symdef.txt ABSOLUTE
    smpc_env                                 0x00080528   Data           0  rom_symdef.txt ABSOLUTE
    smpc_state                               0x00080540   Data           0  rom_symdef.txt ABSOLUTE
    smpm_env                                 0x00080548   Data           0  rom_symdef.txt ABSOLUTE
    smpm_state                               0x00080550   Data           0  rom_symdef.txt ABSOLUTE
    gapc_env                                 0x00080554   Data           0  rom_symdef.txt ABSOLUTE
    gapc_state                               0x0008056c   Data           0  rom_symdef.txt ABSOLUTE
    gap_cfg_table                            0x00080574   Data           0  rom_symdef.txt ABSOLUTE
    gapm_env                                 0x00080578   Data           0  rom_symdef.txt ABSOLUTE
    gapm_state                               0x000805a4   Data           0  rom_symdef.txt ABSOLUTE
    ke_env                                   0x000805a8   Data           0  rom_symdef.txt ABSOLUTE
    ke_task_env                              0x00080604   Data           0  rom_symdef.txt ABSOLUTE
    nvds_data_ptr                            0x000806c0   Data           0  rom_symdef.txt ABSOLUTE
    func_check_mem_flag                      0x000806c4   Data           0  rom_symdef.txt ABSOLUTE
    ke_mem_heaps_used                        0x000806c5   Data           0  rom_symdef.txt ABSOLUTE
    rwip_env                                 0x000806c6   Data           0  rom_symdef.txt ABSOLUTE
    ble_reg_save                             0x000806cc   Data           0  rom_symdef.txt ABSOLUTE
    rwip_rf                                  0x0008071c   Data           0  rom_symdef.txt ABSOLUTE
    rwip_heap_db_ret                         0x00080768   Data        1536  jump_table.o(heap_db_area)
    rwip_heap_env_ret                        0x00080d68   Data         668  jump_table.o(heap_env_area)
    rwip_heap_msg_ret                        0x00081004   Data        1528  jump_table.o(heap_msg_area)
    sys_startup_flag                         0x000815fc   Data           1  arch_main.o(retention_mem_area0)
    sleep_md                                 0x000815fd   Data           1  arch_sleep.o(retention_mem_area0)
    sleep_pend                               0x000815fe   Data           1  arch_sleep.o(retention_mem_area0)
    sleep_cnt                                0x000815ff   Data           1  arch_sleep.o(retention_mem_area0)
    sleep_ext_force                          0x00081600   Data           1  arch_sleep.o(retention_mem_area0)
    cal_enable                               0x00081604   Data           1  arch_system.o(retention_mem_area0)
    lp_clk_sel                               0x00081608   Data           4  arch_system.o(retention_mem_area0)
    rcx_freq                                 0x0008160c   Data           4  arch_system.o(retention_mem_area0)
    rcx_period                               0x00081610   Data           4  arch_system.o(retention_mem_area0)
    rcx_slot_duration                        0x00081614   Data           4  arch_system.o(retention_mem_area0)
    dev_bdaddr                               0x00081658   Data           6  nvds.o(retention_mem_area0)
    rwble_last_event                         0x0008165e   Data           1  rwble.o(retention_mem_area0)
    diss_env                                 0x00081660   Data          18  diss.o(retention_mem_area0)
    diss_state                               0x00081672   Data           1  diss_task.o(retention_mem_area0)
    bass_env                                 0x00081674   Data          14  bass.o(retention_mem_area0)
    bass_state                               0x00081682   Data           1  bass_task.o(retention_mem_area0)
    app_env                                  0x00081684   Data          12  app.o(retention_mem_area0)
    app_state                                0x00081690   Data           1  app_task.o(retention_mem_area0)
    connect_bdaddr                           0x00081691   Data           6  app_task.o(retention_mem_area0)
    tx_state_ptr                             0x00081698   Data           1  app_sps_uart.o(retention_mem_area0)
    rx_state_ptr                             0x00081699   Data           1  app_sps_uart.o(retention_mem_area0)
    callbackbusy                             0x0008169a   Data           1  app_sps_uart.o(retention_mem_area0)
    blePushCallbackIssued                    0x0008169b   Data           1  app_sps_uart.o(retention_mem_area0)
    ble_data_poll_disabled                   0x0008169c   Data           1  app_sps_uart.o(retention_mem_area0)
    last_ble_flag                            0x0008169d   Data           1  app_sps_uart.o(retention_mem_area0)
    tx_buffers_full                          0x0008169e   Data           1  app_sps_uart.o(retention_mem_area0)
    ble_flags                                0x0008169f   Data           3  app_sps_uart.o(retention_mem_area0)
    uart_flags                               0x000816a2   Data           3  app_sps_uart.o(retention_mem_area0)
    rx_read_pointer                          0x000816a5   Data           8  app_sps_uart.o(retention_mem_area0)
    tx_write_pointer                         0x000816ad   Data          17  app_sps_uart.o(retention_mem_area0)
    bletouart_buffer                         0x000816c0   Data          36  app_sps_uart.o(retention_mem_area0)
    uarttoble_buffer                         0x000816e4   Data          36  app_sps_uart.o(retention_mem_area0)
    app_adv_data_length                      0x00081708   Data           1  app_sps_proj.o(retention_mem_area0)
    app_scanrsp_data_length                  0x00081709   Data           1  app_sps_proj.o(retention_mem_area0)
    app_adv_data                             0x0008170a   Data          28  app_sps_proj.o(retention_mem_area0)
    app_scanrsp_data                         0x00081726   Data          31  app_sps_proj.o(retention_mem_area0)
    ble_tx_hndl                              0x00081746   Data           2  app_sps_task.o(retention_mem_area0)
    cur_batt_level                           0x00081748   Data           1  app_batt.o(retention_mem_area0)
    batt_alert_en                            0x00081749   Data           1  app_batt.o(retention_mem_area0)
    bat_led_state                            0x0008174a   Data           1  app_batt.o(retention_mem_area0)
    bat_lvl_alert_used                       0x0008174b   Data           1  app_batt.o(retention_mem_area0)
    bat_led_port                             0x0008174c   Data           1  app_batt.o(retention_mem_area0)
    bat_led_pin                              0x0008174d   Data           1  app_batt.o(retention_mem_area0)
    bat_poll_timeout                         0x0008174e   Data           2  app_batt.o(retention_mem_area0)
    descript                                 0x00081a20   Data        1502  arch_main.o(BLE_exchange_memory)
    __Vectors                                0x20000000   Data           4  boot_vectors.o(RESET)
    __Vectors_End                            0x200000a0   Data           0  boot_vectors.o(RESET)
    jump_table_base                          0x20000160   Data         352  jump_table.o(jump_table_mem_area)
    gap_timeout_table                        0x200002c0   Data         100  gapm.o(timeout_table_area)
    nvds_data_storage                        0x20000340   Data         164  nvds.o(nvds_data_storage_area)
    __main                                   0x20000441   Thumb Code     0  entry.o(.ARM.Collect$$$$00000000)
    _main_stk                                0x20000441   Thumb Code     0  entry2.o(.ARM.Collect$$$$00000001)
    _main_scatterload                        0x20000445   Thumb Code     0  entry5.o(.ARM.Collect$$$$00000004)
    __main_after_scatterload                 0x20000449   Thumb Code     0  entry5.o(.ARM.Collect$$$$00000004)
    _main_clock                              0x20000449   Thumb Code     0  entry7b.o(.ARM.Collect$$$$00000008)
    _main_cpp_init                           0x20000449   Thumb Code     0  entry8b.o(.ARM.Collect$$$$0000000A)
    _main_init                               0x20000449   Thumb Code     0  entry9a.o(.ARM.Collect$$$$0000000B)
    __rt_final_cpp                           0x20000451   Thumb Code     0  entry10a.o(.ARM.Collect$$$$0000000D)
    __rt_final_exit                          0x20000451   Thumb Code     0  entry11a.o(.ARM.Collect$$$$0000000F)
    SystemInit                               0x20000455   Thumb Code    70  system_armcm0.o(.text)
    Reset_Handler                            0x200004a9   Thumb Code     8  boot_vectors.o(.text)
    PendSV_Handler                           0x200004f9   Thumb Code     2  boot_vectors.o(.text)
    SysTick_Handler                          0x200004fb   Thumb Code     2  boot_vectors.o(.text)
    KEYBRD_Handler                           0x200004fd   Thumb Code     0  boot_vectors.o(.text)
    WKUP_QUADEC_Handler                      0x200004fd   Thumb Code     0  boot_vectors.o(.text)
    HardFault_HandlerC                       0x20000515   Thumb Code    84  hardfault_handler.o(.text)
    SVC_Handler_c                            0x20000587   Thumb Code    22  arch_main.o(.text)
    patch_func                               0x2000059d   Thumb Code    98  arch_main.o(.text)
    lld_sleep_init_func                      0x200005ff   Thumb Code    26  arch_main.o(.text)
    main_func                                0x20000619   Thumb Code   616  arch_main.o(.text)
    dummyf                                   0x2000091d   Thumb Code     2  jump_table.o(.text)
    app_disable_sleep                        0x20000921   Thumb Code    26  arch_sleep.o(.text)
    app_set_extended_sleep                   0x2000093b   Thumb Code    26  arch_sleep.o(.text)
    app_set_deep_sleep                       0x20000955   Thumb Code    28  arch_sleep.o(.text)
    app_restore_sleep_mode                   0x20000971   Thumb Code    68  arch_sleep.o(.text)
    app_force_active_mode                    0x200009b5   Thumb Code    30  arch_sleep.o(.text)
    app_ble_ext_wakeup_on                    0x200009d3   Thumb Code     8  arch_sleep.o(.text)
    app_ble_ext_wakeup_off                   0x200009db   Thumb Code     8  arch_sleep.o(.text)
    app_ble_ext_wakeup_get                   0x200009e3   Thumb Code     6  arch_sleep.o(.text)
    app_ble_force_wakeup                     0x200009e9   Thumb Code    46  arch_sleep.o(.text)
    app_last_rwble_evt_get                   0x20000a17   Thumb Code     6  arch_sleep.o(.text)
    NMI_HandlerC                             0x20000a31   Thumb Code   124  nmi_handler.o(.text)
    timer_init                               0x20000abd   Thumb Code    36  periph_setup.o(.text)
    timer_callback                           0x20000ae1   Thumb Code    88  periph_setup.o(.text)
    GPIO_reservations                        0x20000b39   Thumb Code   116  periph_setup.o(.text)
    set_pad_functions                        0x20000bad   Thumb Code    52  periph_setup.o(.text)
    periph_init                              0x20000be1   Thumb Code    68  periph_setup.o(.text)
    select_lp_clk                            0x20000c49   Thumb Code     8  arch_system.o(.text)
    init_pwr_and_clk_ble                     0x20000c51   Thumb Code   196  arch_system.o(.text)
    set_pxact_gpio                           0x20000d15   Thumb Code    24  arch_system.o(.text)
    calibrate_rcx20                          0x20000d2d   Thumb Code    28  arch_system.o(.text)
    read_rcx_freq                            0x20000d49   Thumb Code   104  arch_system.o(.text)
    set_sleep_delay                          0x20000db1   Thumb Code    42  arch_system.o(.text)
    get_rc16m_count_func                     0x20000ddb   Thumb Code    28  arch_system.o(.text)
    conditionally_run_radio_cals             0x20000df7   Thumb Code    82  arch_system.o(.text)
    lld_sleep_us_2_lpcycles_rcx_func         0x20000e49   Thumb Code    18  arch_system.o(.text)
    lld_sleep_lpcycles_2_us_rcx_func         0x20000e5b   Thumb Code    14  arch_system.o(.text)
    lld_sleep_us_2_lpcycles_sel_func         0x20000e69   Thumb Code    24  arch_system.o(.text)
    lld_sleep_lpcycles_2_us_sel_func         0x20000e81   Thumb Code    24  arch_system.o(.text)
    uart_flow_off_func                       0x20000e99   Thumb Code    58  arch_system.o(.text)
    calculate_arch_adv_time                  0x20000ed3   Thumb Code    12  arch_system.o(.text)
    iq_trim_from_otp                         0x20000f21   Thumb Code    54  rf_580.o(.text)
    rf_reg_rd                                0x20000f57   Thumb Code     4  rf_580.o(.text)
    rf_reg_wr                                0x20000f5b   Thumb Code     2  rf_580.o(.text)
    rf_reset                                 0x20000f5d   Thumb Code     2  rf_580.o(.text)
    rf_force_agc_enable                      0x20000f5f   Thumb Code     2  rf_580.o(.text)
    rf_txpwr_dbm_get                         0x20000f61   Thumb Code     4  rf_580.o(.text)
    rf_regs                                  0x20000f75   Thumb Code   214  rf_580.o(.text)
    rf_init_func                             0x2000104f   Thumb Code   138  rf_580.o(.text)
    rf_reinit_func                           0x200010d9   Thumb Code   128  rf_580.o(.text)
    GPIOn_Handler                            0x20001209   Thumb Code    40  gpio.o(.text)
    GPIO0_Handler                            0x20001231   Thumb Code     4  gpio.o(.text)
    GPIO1_Handler                            0x20001235   Thumb Code     4  gpio.o(.text)
    GPIO2_Handler                            0x20001239   Thumb Code     4  gpio.o(.text)
    GPIO3_Handler                            0x2000123d   Thumb Code     4  gpio.o(.text)
    GPIO4_Handler                            0x20001241   Thumb Code     4  gpio.o(.text)
    uart_sps_flow_on                         0x2000138f   Thumb Code     8  uart_sps.o(.text)
    uart_sps_flow_off                        0x20001397   Thumb Code    34  uart_sps.o(.text)
    uart_sps_init                            0x200013b9   Thumb Code    76  uart_sps.o(.text)
    uart_sps_finish_transfers                0x20001405   Thumb Code    24  uart_sps.o(.text)
    uart_sps_read                            0x2000141d   Thumb Code    26  uart_sps.o(.text)
    uart_sps_write                           0x20001437   Thumb Code    26  uart_sps.o(.text)
    UART_Handler                             0x20001451   Thumb Code    90  uart_sps.o(.text)
    uart2_init_func                          0x20001505   Thumb Code    86  uart2.o(.text)
    uart2_init                               0x2000155b   Thumb Code     2  uart2.o(.text)
    uart2_flow_on_func                       0x2000155d   Thumb Code     8  uart2.o(.text)
    uart2_flow_on                            0x20001565   Thumb Code     8  uart2.o(.text)
    uart2_flow_off_func                      0x2000156d   Thumb Code    58  uart2.o(.text)
    uart2_flow_off                           0x200015a7   Thumb Code     2  uart2.o(.text)
    uart2_finish_transfers_func              0x200015a9   Thumb Code    24  uart2.o(.text)
    uart2_finish_transfers                   0x200015c1   Thumb Code     2  uart2.o(.text)
    uart2_read_func                          0x200015c3   Thumb Code    22  uart2.o(.text)
    uart2_read                               0x200015d9   Thumb Code     2  uart2.o(.text)
    uart2_write_func                         0x200015db   Thumb Code    34  uart2.o(.text)
    uart2_write                              0x200015fd   Thumb Code     2  uart2.o(.text)
    UART2_Handler_func                       0x200015ff   Thumb Code    82  uart2.o(.text)
    UART2_Handler                            0x20001651   Thumb Code     2  uart2.o(.text)
    timer0_init                              0x200016a1   Thumb Code    62  pwm.o(.text)
    timer0_set                               0x200016df   Thumb Code    10  pwm.o(.text)
    timer0_enable_irq                        0x200016e9   Thumb Code    10  pwm.o(.text)
    timer0_disable_irq                       0x200016f3   Thumb Code    12  pwm.o(.text)
    SWTIM_Handler                            0x200016ff   Thumb Code    12  pwm.o(.text)
    timer2_init                              0x2000170b   Thumb Code    32  pwm.o(.text)
    adc_init                                 0x20001741   Thumb Code    26  adc.o(.text)
    adc_enable_channel                       0x2000175b   Thumb Code    20  adc.o(.text)
    adc_disable                              0x2000176f   Thumb Code     8  adc.o(.text)
    adc_get_sample                           0x20001777   Thumb Code    30  adc.o(.text)
    batt_cal_cr2032                          0x200017a1   Thumb Code   138  battery.o(.text)
    batt_cal_cr1225                          0x2000182b   Thumb Code    34  battery.o(.text)
    batt_cal_aaa                             0x2000184d   Thumb Code    30  battery.o(.text)
    battery_get_lvl                          0x2000186b   Thumb Code   108  battery.o(.text)
    ke_task_init_func                        0x2000198b   Thumb Code    20  ke_task.obj(.text)
    l2cc_pdu_recv_ind_handler                0x200019b1   Thumb Code   232  atts_task.obj(.text)
    smpc_send_pairing_req_ind                0x20001a9d   Thumb Code   190  smpc.obj(.text)
    smpc_check_pairing_feat                  0x20001b5b   Thumb Code    38  smpc.obj(.text)
    smpc_pairing_cfm_handler                 0x20001b89   Thumb Code   518  smpc_task.obj(.text)
    my_llc_con_update_req_ind                0x20001d95   Thumb Code   100  ch_map.obj(.text)
    my_llc_ch_map_req_ind                    0x20001df9   Thumb Code    84  ch_map.obj(.text)
    patched_gapm_adv_op_sanity               0x20001e59   Thumb Code   208  gapm_util.obj(.text)
    custom_nvds_get_func                     0x20001fd9   Thumb Code   548  nvds.o(.text)
    nvds_read_bdaddr_from_otp                0x200021fd   Thumb Code    50  nvds.o(.text)
    rwip_sleep                               0x2000224d   Thumb Code   344  rwip.o(.text)
    lld_sleep_compensate_func_patched        0x200023d1   Thumb Code    46  rwble.o(.text)
    BLE_WAKEUP_LP_Handler                    0x200023ff   Thumb Code   134  rwble.o(.text)
    BLE_CSCNT_Handler                        0x20002485   Thumb Code    12  rwble.o(.text)
    BLE_SLP_Handler                          0x20002491   Thumb Code    86  rwble.o(.text)
    BLE_RX_Handler                           0x200024e7   Thumb Code     8  rwble.o(.text)
    BLE_EVENT_Handler                        0x200024ef   Thumb Code    30  rwble.o(.text)
    BLE_RF_DIAG_Handler                      0x2000250d   Thumb Code    90  rwble.o(.text)
    prf_pack_char_pres_fmt                   0x20002595   Thumb Code    30  prf_utils.o(.text)
    prf_server_error_ind_send                0x200025b3   Thumb Code    44  prf_utils.o(.text)
    prf_server_send_event                    0x200025df   Thumb Code    42  prf_utils.o(.text)
    prf_pack_date_time                       0x20002609   Thumb Code    32  prf_utils.o(.text)
    prf_unpack_date_time                     0x20002629   Thumb Code    34  prf_utils.o(.text)
    prf_init_func                            0x2000264b   Thumb Code    16  prf_utils.o(.text)
    prf_cleanup_func                         0x2000265b   Thumb Code    76  prf_utils.o(.text)
    sps_server_init                          0x200026ad   Thumb Code    28  sps_server.o(.text)
    sps_server_received_correct_write_handle 0x200026c9   Thumb Code     4  sps_server.o(.text)
    sps_server_send_notify_flow_control_state_req_handler 0x20002947   Thumb Code    36  sps_server_task.o(.text)
    sps_send_data_packets_req_handler        0x2000296b   Thumb Code    40  sps_server_task.o(.text)
    diss_init                                0x20002a7d   Thumb Code    28  diss.o(.text)
    diss_compute_cfg_flag                    0x20002a99   Thumb Code    38  diss.o(.text)
    diss_check_val_len                       0x20002abf   Thumb Code    42  diss.o(.text)
    diss_disable                             0x20002ae9   Thumb Code    42  diss.o(.text)
    bass_init                                0x20002c1d   Thumb Code    28  bass.o(.text)
    bass_batt_level_upd_cfm_send             0x20002c39   Thumb Code    38  bass.o(.text)
    bass_disable                             0x20002c5f   Thumb Code   114  bass.o(.text)
    app_init                                 0x20002ff1   Thumb Code    58  app.o(.text)
    app_db_init                              0x2000302b   Thumb Code     8  app.o(.text)
    app_disconnect                           0x20003033   Thumb Code    34  app.o(.text)
    app_connect_confirm                      0x20003055   Thumb Code    42  app.o(.text)
    app_adv_start                            0x2000307f   Thumb Code    36  app.o(.text)
    app_adv_stop                             0x200030a3   Thumb Code    26  app.o(.text)
    app_param_update_start                   0x200030bd   Thumb Code     8  app.o(.text)
    app_timer_set                            0x200030c5   Thumb Code    24  app.o(.text)
    gapm_device_ready_ind_handler            0x200030f1   Thumb Code    36  app_task.o(.text)
    gapm_cmp_evt_handler                     0x20003115   Thumb Code   142  app_task.o(.text)
    gapc_connection_req_ind_handler          0x200031a3   Thumb Code    90  app_task.o(.text)
    gapc_cmp_evt_handler                     0x200031fd   Thumb Code    38  app_task.o(.text)
    gapc_disconnect_ind_handler              0x20003223   Thumb Code    12  app_task.o(.text)
    gapc_param_update_req_ind_handler        0x2000322f   Thumb Code    32  app_task.o(.text)
    app_module_init_cmp_evt_handler          0x2000324f   Thumb Code    36  app_task.o(.text)
    gapm_adv_report_ind_handler              0x20003273   Thumb Code    38  app_task.o(.text)
    checkBufferAlmostEmpty                   0x200033a3   Thumb Code    34  app_sps_uart.o(.text)
    uart_tx_callback                         0x200033c5   Thumb Code    68  app_sps_uart.o(.text)
    updateTransmitAllowed                    0x20003409   Thumb Code    16  app_sps_uart.o(.text)
    ble_push                                 0x200034d7   Thumb Code    86  app_sps_uart.o(.text)
    app_buffer_init                          0x2000352d   Thumb Code    70  app_sps_uart.o(.text)
    app_uart_init                            0x20003573   Thumb Code    20  app_sps_uart.o(.text)
    app_flowcontrol_init                     0x20003587   Thumb Code    24  app_sps_uart.o(.text)
    poll_callback                            0x2000359f   Thumb Code    42  app_sps_uart.o(.text)
    ble_data_poll                            0x200035c9   Thumb Code   142  app_sps_uart.o(.text)
    override_ble_xoff                        0x20003657   Thumb Code    28  app_sps_uart.o(.text)
    app_set_adv_data                         0x20003745   Thumb Code    72  app_sps_proj.o(.text)
    app_init_func                            0x2000378d   Thumb Code    38  app_sps_proj.o(.text)
    gattc_exc_mtu_cmd                        0x200037b3   Thumb Code    30  app_sps_proj.o(.text)
    app_connection_func                      0x200037d1   Thumb Code    56  app_sps_proj.o(.text)
    app_adv_func                             0x20003809   Thumb Code   248  app_sps_proj.o(.text)
    app_send_disconnect                      0x20003901   Thumb Code    28  app_sps_proj.o(.text)
    app_disconnect_func                      0x2000391d   Thumb Code    30  app_sps_proj.o(.text)
    app_db_init_func                         0x2000393b   Thumb Code    60  app_sps_proj.o(.text)
    app_configuration_func                   0x20003977   Thumb Code    40  app_sps_proj.o(.text)
    app_set_dev_config_complete_func         0x2000399f   Thumb Code    24  app_sps_proj.o(.text)
    app_update_params_rejected_func          0x200039b7   Thumb Code     2  app_sps_proj.o(.text)
    app_update_params_complete_func          0x200039b9   Thumb Code     2  app_sps_proj.o(.text)
    app_adv_undirect_complete                0x200039bb   Thumb Code     2  app_sps_proj.o(.text)
    app_adv_direct_complete                  0x200039bd   Thumb Code    16  app_sps_proj.o(.text)
    app_db_init_complete_func                0x200039cd   Thumb Code     8  app_sps_proj.o(.text)
    app_scanning                             0x200039d5   Thumb Code    50  app_sps_proj.o(.text)
    app_connect                              0x20003a07   Thumb Code    96  app_sps_proj.o(.text)
    app_conn_timer_handler                   0x20003a67   Thumb Code    28  app_sps_proj.o(.text)
    app_connect_failed_func                  0x20003a83   Thumb Code     2  app_sps_proj.o(.text)
    app_cancel_scanning                      0x20003a85   Thumb Code    26  app_sps_proj.o(.text)
    app_reset_app                            0x20003a9f   Thumb Code    26  app_sps_proj.o(.text)
    app_param_update_func                    0x20003ab9   Thumb Code    40  app_sps_proj.o(.text)
    app_sec_init_func                        0x20003ae1   Thumb Code     2  app_sps_proj.o(.text)
    app_sec_encrypt_complete_func            0x20003ae3   Thumb Code     2  app_sps_proj.o(.text)
    app_mitm_passcode_entry_func             0x20003ae5   Thumb Code     2  app_sps_proj.o(.text)
    app_sps_create_db_cfm_handler            0x20003b41   Thumb Code    38  app_sps_task.o(.text)
    app_sps_server_enable_cfm_handler        0x20003b67   Thumb Code    10  app_sps_task.o(.text)
    app_sps_create_db                        0x20003b75   Thumb Code    24  app_sps_ble.o(.text)
    app_sps_init                             0x20003b8d   Thumb Code    16  app_sps_ble.o(.text)
    app_sps_enable                           0x20003b9d   Thumb Code    30  app_sps_ble.o(.text)
    sendFlowControlOverBluetooth             0x20003bbb   Thumb Code    26  app_sps_ble.o(.text)
    stream_setup_int_tomax                   0x20003bdd   Thumb Code    36  app_stream_queue.o(.text)
    stream_fifo_init                         0x20003c01   Thumb Code    24  app_stream_queue.o(.text)
    stream_fifo_add                          0x20003c19   Thumb Code    68  app_stream_queue.o(.text)
    stream_fifo_check                        0x20003c5d   Thumb Code    20  app_stream_queue.o(.text)
    send_pkt_to_l2cc                         0x20003c71   Thumb Code    76  app_stream_queue.o(.text)
    stream_queue_more_data_during_tx         0x20003d13   Thumb Code    60  app_stream_queue.o(.text)
    stream_queue_more_data_end_of_event      0x20003d4f   Thumb Code    56  app_stream_queue.o(.text)
    stream_queue_more_data                   0x20003d87   Thumb Code    54  app_stream_queue.o(.text)
    app_dis_init                             0x20003dd9   Thumb Code     2  app_dis.o(.text)
    app_dis_create_db_send                   0x20003ddb   Thumb Code    26  app_dis.o(.text)
    app_dis_enable_prf                       0x20003df5   Thumb Code    32  app_dis.o(.text)
    diss_create_db_cfm_handler               0x20003e19   Thumb Code   290  app_dis_task.o(.text)
    diss_disable_ind_handler                 0x20003f3b   Thumb Code     4  app_dis_task.o(.text)
    app_batt_create_db                       0x20003f8d   Thumb Code    30  app_batt.o(.text)
    app_batt_init                            0x20003fab   Thumb Code    14  app_batt.o(.text)
    app_batt_enable                          0x20003fb9   Thumb Code    70  app_batt.o(.text)
    app_batt_alert_start                     0x20003fff   Thumb Code    46  app_batt.o(.text)
    app_batt_set_level                       0x2000402d   Thumb Code    36  app_batt.o(.text)
    app_batt_lvl                             0x20004051   Thumb Code    42  app_batt.o(.text)
    app_batt_alert_stop                      0x2000407b   Thumb Code    34  app_batt.o(.text)
    app_batt_lvl_custom                      0x2000409d   Thumb Code    52  app_batt.o(.text)
    app_batt_poll_start                      0x200040d1   Thumb Code    20  app_batt.o(.text)
    app_batt_poll_stop                       0x200040e5   Thumb Code    14  app_batt.o(.text)
    app_batt_port_reinit                     0x200040f3   Thumb Code    32  app_batt.o(.text)
    batt_create_db_cfm_handler               0x20004129   Thumb Code    28  app_batt_task.o(.text)
    batt_level_upd_cfm_handler               0x20004145   Thumb Code     4  app_batt_task.o(.text)
    batt_level_ntf_cfg_ind_handler           0x20004149   Thumb Code     4  app_batt_task.o(.text)
    app_batt_timer_handler                   0x2000414d   Thumb Code    24  app_batt_task.o(.text)
    app_batt_alert_timer_handler             0x20004165   Thumb Code    66  app_batt_task.o(.text)
    app_wechat_init                          0x200041c1   Thumb Code     2  app_wechat.o(.text)
    app_wechat_create_db_send                0x200041c3   Thumb Code    24  app_wechat.o(.text)
    app_wechat_enable_prf                    0x200041db   Thumb Code    36  app_wechat.o(.text)
    __aeabi_fmul                             0x20004205   Thumb Code   122  fmul.o(.text)
    __aeabi_fdiv                             0x2000427f   Thumb Code   124  fdiv.o(.text)
    __ARM_scalbnf                            0x200042fb   Thumb Code    24  fscalb.o(.text)
    scalbnf                                  0x200042fb   Thumb Code     0  fscalb.o(.text)
    __aeabi_i2f                              0x20004313   Thumb Code    22  fflti.o(.text)
    __aeabi_ui2f                             0x20004329   Thumb Code    14  ffltui.o(.text)
    __aeabi_f2uiz                            0x20004337   Thumb Code    40  ffixui.o(.text)
    __aeabi_f2d                              0x2000435f   Thumb Code    40  f2d.o(.text)
    __aeabi_d2f                              0x20004387   Thumb Code    56  d2f.o(.text)
    _float_round                             0x200043bf   Thumb Code    16  fepilogue.o(.text)
    _float_epilogue                          0x200043cf   Thumb Code   116  fepilogue.o(.text)
    __scatterload                            0x20004445   Thumb Code    28  init.o(.text)
    __scatterload_rt2                        0x20004445   Thumb Code     0  init.o(.text)
    Long Thumb to Thumb Veneer to set_system_clocks 0x20004469   Thumb Code    12  anon$$obj.o(Veneer$$Code)
    Long Thumb to Thumb Veneer to srand      0x20004475   Thumb Code    12  anon$$obj.o(Veneer$$Code)
    Long Thumb to Thumb Veneer to nvds_init  0x20004481   Thumb Code    12  anon$$obj.o(Veneer$$Code)
    Long Thumb to Thumb Veneer to rwip_init  0x2000448d   Thumb Code    12  anon$$obj.o(Veneer$$Code)
    Long Thumb to Thumb Veneer to enable_rf_diag_irq 0x20004499   Thumb Code    12  anon$$obj.o(Veneer$$Code)
    Long Thumb to Thumb Veneer to app_get_sleep_mode 0x200044a5   Thumb Code    12  anon$$obj.o(Veneer$$Code)
    Long Thumb to Thumb Veneer to rwip_prevent_sleep_get 0x200044b1   Thumb Code    12  anon$$obj.o(Veneer$$Code)
    Long Thumb to Thumb Veneer to ke_event_get 0x200044bd   Thumb Code    12  anon$$obj.o(Veneer$$Code)
    Long Thumb to Thumb Veneer to rwip_schedule 0x200044c9   Thumb Code    12  anon$$obj.o(Veneer$$Code)
    Long Thumb to Thumb Veneer to lld_sleep_check 0x200044d5   Thumb Code    12  anon$$obj.o(Veneer$$Code)
    Long Thumb to Thumb Veneer to func_check_mem 0x200044e1   Thumb Code    12  anon$$obj.o(Veneer$$Code)
    Long Thumb to Thumb Veneer to test_rxdone 0x200044ed   Thumb Code    12  anon$$obj.o(Veneer$$Code)
    Long Thumb to Thumb Veneer to ke_mem_is_empty 0x200044f9   Thumb Code    12  anon$$obj.o(Veneer$$Code)
    Long Thumb to Thumb Veneer to __aeabi_uidivmod 0x20004505   Thumb Code    12  anon$$obj.o(Veneer$$Code)
    Long Thumb to Thumb Veneer to __aeabi_dmul 0x20004511   Thumb Code    12  anon$$obj.o(Veneer$$Code)
    Long Thumb to Thumb Veneer to rwip_wakeup_delay_set 0x2000451d   Thumb Code    12  anon$$obj.o(Veneer$$Code)
    Long Thumb to Thumb Veneer to $Super$$get_rc16m_count_func 0x20004529   Thumb Code    12  anon$$obj.o(Veneer$$Code)
    Long Thumb to Thumb Veneer to get_rc16m_count 0x20004535   Thumb Code    12  anon$$obj.o(Veneer$$Code)
    Long Thumb to Thumb Veneer to pll_vcocal_LUT_InitUpdate 0x20004541   Thumb Code    12  anon$$obj.o(Veneer$$Code)
    Long Thumb to Thumb Veneer to rf_calibration 0x2000454d   Thumb Code    12  anon$$obj.o(Veneer$$Code)
    Long Thumb to Thumb Veneer to lld_sleep_us_2_lpcycles_func 0x20004559   Thumb Code    12  anon$$obj.o(Veneer$$Code)
    Long Thumb to Thumb Veneer to lld_sleep_lpcycles_2_us_func 0x20004565   Thumb Code    12  anon$$obj.o(Veneer$$Code)
    Long Thumb to Thumb Veneer to uart_flow_on 0x20004571   Thumb Code    12  anon$$obj.o(Veneer$$Code)
    Long Thumb to Thumb Veneer to __aeabi_memcpy 0x2000457d   Thumb Code    12  anon$$obj.o(Veneer$$Code)
    Long Thumb to Thumb Veneer to __aeabi_idivmod 0x20004589   Thumb Code    12  anon$$obj.o(Veneer$$Code)
    Long Thumb to Thumb Veneer to co_list_pop_front 0x20004595   Thumb Code    12  anon$$obj.o(Veneer$$Code)
    Long Thumb to Thumb Veneer to ke_task_handler_get 0x200045a1   Thumb Code    12  anon$$obj.o(Veneer$$Code)
    Long Thumb to Thumb Veneer to ke_msg_free 0x200045ad   Thumb Code    12  anon$$obj.o(Veneer$$Code)
    Long Thumb to Thumb Veneer to co_list_push_back 0x200045b9   Thumb Code    12  anon$$obj.o(Veneer$$Code)
    Long Thumb to Thumb Veneer to ke_event_clear 0x200045c5   Thumb Code    12  anon$$obj.o(Veneer$$Code)
    Long Thumb to Thumb Veneer to __aeabi_memclr4 0x200045d1   Thumb Code    12  anon$$obj.o(Veneer$$Code)
    Long Thumb to Thumb Veneer to ke_event_callback_set 0x200045dd   Thumb Code    12  anon$$obj.o(Veneer$$Code)
    Long Thumb to Thumb Veneer to ke_state_get 0x200045e9   Thumb Code    12  anon$$obj.o(Veneer$$Code)
    Long Thumb to Thumb Veneer to __ARM_common_switch8 0x200045f5   Thumb Code    12  anon$$obj.o(Veneer$$Code)
    Long Thumb to Thumb Veneer to ke_timer_clear 0x20004601   Thumb Code    12  anon$$obj.o(Veneer$$Code)
    Long Thumb to Thumb Veneer to atts_send_cmd_cmp 0x2000460d   Thumb Code    12  anon$$obj.o(Veneer$$Code)
    Long Thumb to Thumb Veneer to ke_state_set 0x20004619   Thumb Code    12  anon$$obj.o(Veneer$$Code)
    Long Thumb to Thumb Veneer to atts_mtu_exc_resp 0x20004625   Thumb Code    12  anon$$obj.o(Veneer$$Code)
    Long Thumb to Thumb Veneer to atts_find_info_resp 0x20004631   Thumb Code    12  anon$$obj.o(Veneer$$Code)
    Long Thumb to Thumb Veneer to atts_find_by_type_resp 0x2000463d   Thumb Code    12  anon$$obj.o(Veneer$$Code)
    Long Thumb to Thumb Veneer to atts_read_by_type_resp 0x20004649   Thumb Code    12  anon$$obj.o(Veneer$$Code)
    Long Thumb to Thumb Veneer to atts_read_by_grp_type_resp 0x20004655   Thumb Code    12  anon$$obj.o(Veneer$$Code)
    Long Thumb to Thumb Veneer to atts_read_resp 0x20004661   Thumb Code    12  anon$$obj.o(Veneer$$Code)
    Long Thumb to Thumb Veneer to atts_read_blob_resp 0x2000466d   Thumb Code    12  anon$$obj.o(Veneer$$Code)
    Long Thumb to Thumb Veneer to atts_read_mult_resp 0x20004679   Thumb Code    12  anon$$obj.o(Veneer$$Code)
    Long Thumb to Thumb Veneer to atts_write_no_resp 0x20004685   Thumb Code    12  anon$$obj.o(Veneer$$Code)
    Long Thumb to Thumb Veneer to atts_write_resp 0x20004691   Thumb Code    12  anon$$obj.o(Veneer$$Code)
    Long Thumb to Thumb Veneer to atts_signed_write_resp 0x2000469d   Thumb Code    12  anon$$obj.o(Veneer$$Code)
    Long Thumb to Thumb Veneer to atts_prepare_write_resp 0x200046a9   Thumb Code    12  anon$$obj.o(Veneer$$Code)
    Long Thumb to Thumb Veneer to atts_execute_write_resp 0x200046b5   Thumb Code    12  anon$$obj.o(Veneer$$Code)
    Long Thumb to Thumb Veneer to ke_msg_alloc 0x200046c1   Thumb Code    12  anon$$obj.o(Veneer$$Code)
    Long Thumb to Thumb Veneer to gapc_get_enc_keysize 0x200046cd   Thumb Code    12  anon$$obj.o(Veneer$$Code)
    Long Thumb to Thumb Veneer to gapc_get_role 0x200046d9   Thumb Code    12  anon$$obj.o(Veneer$$Code)
    Long Thumb to Thumb Veneer to ke_msg_send 0x200046e5   Thumb Code    12  anon$$obj.o(Veneer$$Code)
    Long Thumb to Thumb Veneer to smpc_generate_rand 0x200046f1   Thumb Code    12  anon$$obj.o(Veneer$$Code)
    Long Thumb to Thumb Veneer to smpc_tkdp_send_continue 0x200046fd   Thumb Code    12  anon$$obj.o(Veneer$$Code)
    Long Thumb to Thumb Veneer to smpc_pdu_send 0x20004709   Thumb Code    12  anon$$obj.o(Veneer$$Code)
    Long Thumb to Thumb Veneer to smpc_tkdp_rcp_start 0x20004715   Thumb Code    12  anon$$obj.o(Veneer$$Code)
    Long Thumb to Thumb Veneer to smpc_pairing_end 0x20004721   Thumb Code    12  anon$$obj.o(Veneer$$Code)
    Long Thumb to Thumb Veneer to smpc_check_max_key_size 0x2000472d   Thumb Code    12  anon$$obj.o(Veneer$$Code)
    Long Thumb to Thumb Veneer to smpc_check_key_distrib 0x20004739   Thumb Code    12  anon$$obj.o(Veneer$$Code)
    Long Thumb to Thumb Veneer to smpc_get_key_sec_prop 0x20004745   Thumb Code    12  anon$$obj.o(Veneer$$Code)
    Long Thumb to Thumb Veneer to smpc_is_sec_mode_reached 0x20004751   Thumb Code    12  anon$$obj.o(Veneer$$Code)
    Long Thumb to Thumb Veneer to lld_con_update_ind 0x2000475d   Thumb Code    12  anon$$obj.o(Veneer$$Code)
    Long Thumb to Thumb Veneer to llc_util_dicon_procedure 0x20004769   Thumb Code    12  anon$$obj.o(Veneer$$Code)
    Long Thumb to Thumb Veneer to lld_ch_map_ind 0x20004775   Thumb Code    12  anon$$obj.o(Veneer$$Code)
    Long Thumb to Thumb Veneer to gapm_get_privacy_flag 0x20004781   Thumb Code    12  anon$$obj.o(Veneer$$Code)
    Long Thumb to Thumb Veneer to gapm_set_recon_addr 0x2000478d   Thumb Code    12  anon$$obj.o(Veneer$$Code)
    Long Thumb to Thumb Veneer to memcmp     0x20004799   Thumb Code    12  anon$$obj.o(Veneer$$Code)
    Long Thumb to Thumb Veneer to ke_sleep_check 0x200047a5   Thumb Code    12  anon$$obj.o(Veneer$$Code)
    Long Thumb to Thumb Veneer to ke_timer_sleep_check 0x200047b1   Thumb Code    12  anon$$obj.o(Veneer$$Code)
    Long Thumb to Thumb Veneer to gtl_enter_sleep 0x200047bd   Thumb Code    12  anon$$obj.o(Veneer$$Code)
    Long Thumb to Thumb Veneer to lld_sleep_enter 0x200047c9   Thumb Code    12  anon$$obj.o(Veneer$$Code)
    Long Thumb to Thumb Veneer to ble_regs_push 0x200047d5   Thumb Code    12  anon$$obj.o(Veneer$$Code)
    Long Thumb to Thumb Veneer to $Super$$BLE_CSCNT_Handler 0x200047e1   Thumb Code    12  anon$$obj.o(Veneer$$Code)
    Long Thumb to Thumb Veneer to lld_evt_start_isr 0x200047ed   Thumb Code    12  anon$$obj.o(Veneer$$Code)
    Long Thumb to Thumb Veneer to ble_regs_pop 0x200047f9   Thumb Code    12  anon$$obj.o(Veneer$$Code)
    Long Thumb to Thumb Veneer to gtl_eif_init 0x20004805   Thumb Code    12  anon$$obj.o(Veneer$$Code)
    Long Thumb to Thumb Veneer to rwip_wakeup 0x20004811   Thumb Code    12  anon$$obj.o(Veneer$$Code)
    Long Thumb to Thumb Veneer to rf_workaround_init 0x2000481d   Thumb Code    12  anon$$obj.o(Veneer$$Code)
    Long Thumb to Thumb Veneer to rf_reinit  0x20004829   Thumb Code    12  anon$$obj.o(Veneer$$Code)
    Long Thumb to Thumb Veneer to lld_evt_rx_isr 0x20004835   Thumb Code    12  anon$$obj.o(Veneer$$Code)
    Long Thumb to Thumb Veneer to lld_evt_end_isr 0x20004841   Thumb Code    12  anon$$obj.o(Veneer$$Code)
    Long Thumb to Thumb Veneer to set_rf_cal_cap 0x2000484d   Thumb Code    12  anon$$obj.o(Veneer$$Code)
    Long Thumb to Thumb Veneer to set_gauss_modgain 0x20004859   Thumb Code    12  anon$$obj.o(Veneer$$Code)
    Long Thumb to Thumb Veneer to gapc_get_conhdl 0x20004865   Thumb Code    12  anon$$obj.o(Veneer$$Code)
    Long Thumb to Thumb Veneer to gapc_send_disconect_ind 0x20004871   Thumb Code    12  anon$$obj.o(Veneer$$Code)
    Long Thumb to Thumb Veneer to __aeabi_memclr 0x2000487d   Thumb Code    12  anon$$obj.o(Veneer$$Code)
    Long Thumb to Thumb Veneer to ke_task_create 0x20004889   Thumb Code    12  anon$$obj.o(Veneer$$Code)
    Long Thumb to Thumb Veneer to attmdb_add_service 0x20004895   Thumb Code    12  anon$$obj.o(Veneer$$Code)
    Long Thumb to Thumb Veneer to attmdb_add_attribute 0x200048a1   Thumb Code    12  anon$$obj.o(Veneer$$Code)
    Long Thumb to Thumb Veneer to attmdb_att_set_value 0x200048ad   Thumb Code    12  anon$$obj.o(Veneer$$Code)
    Long Thumb to Thumb Veneer to attmdb_svc_set_permission 0x200048b9   Thumb Code    12  anon$$obj.o(Veneer$$Code)
    Long Thumb to Thumb Veneer to gapc_get_conidx 0x200048c5   Thumb Code    12  anon$$obj.o(Veneer$$Code)
    Long Thumb to Thumb Veneer to atts_write_rsp_send 0x200048d1   Thumb Code    12  anon$$obj.o(Veneer$$Code)
    Long Thumb to Thumb Veneer to attm_svc_create_db 0x200048dd   Thumb Code    12  anon$$obj.o(Veneer$$Code)
    Long Thumb to Thumb Veneer to attmdb_att_get_value 0x200048e9   Thumb Code    12  anon$$obj.o(Veneer$$Code)
    Long Thumb to Thumb Veneer to attmdb_att_partial_value_update 0x200048f5   Thumb Code    12  anon$$obj.o(Veneer$$Code)
    Long Thumb to Thumb Veneer to attmdb_att_set_permission 0x20004901   Thumb Code    12  anon$$obj.o(Veneer$$Code)
    Long Thumb to Thumb Veneer to nvds_get   0x2000490d   Thumb Code    12  anon$$obj.o(Veneer$$Code)
    Long Thumb to Thumb Veneer to ke_timer_set 0x20004919   Thumb Code    12  anon$$obj.o(Veneer$$Code)
    Long Thumb to Thumb Veneer to ke_malloc  0x20004925   Thumb Code    12  anon$$obj.o(Veneer$$Code)
    Long Thumb to Thumb Veneer to ke_free    0x20004931   Thumb Code    12  anon$$obj.o(Veneer$$Code)
    Long Thumb to Thumb Veneer to __aeabi_memcpy4 0x2000493d   Thumb Code    12  anon$$obj.o(Veneer$$Code)
    Long Thumb to Thumb Veneer to __aeabi_llsl 0x20004949   Thumb Code    12  anon$$obj.o(Veneer$$Code)
    GPIO_ConfigurePin                        0x20004955   Thumb Code    78  gpio.o(i.GPIO_ConfigurePin)
    GPIO_ResetIRQ                            0x200049a9   Thumb Code   146  gpio.o(i.GPIO_ResetIRQ)
    GPIO_SetActive                           0x20004a41   Thumb Code    58  gpio.o(i.GPIO_SetActive)
    GPIO_SetInactive                         0x20004a85   Thumb Code    58  gpio.o(i.GPIO_SetInactive)
    GPIO_SetPinFunction                      0x20004ac9   Thumb Code    64  gpio.o(i.GPIO_SetPinFunction)
    GPIO_init                                0x20004b11   Thumb Code   140  gpio.o(i.GPIO_init)
    __scatterload_copy                       0x20004ba5   Thumb Code    14  handlers.o(i.__scatterload_copy)
    __scatterload_null                       0x20004bb3   Thumb Code     2  handlers.o(i.__scatterload_null)
    __scatterload_zeroinit                   0x20004bb5   Thumb Code    14  handlers.o(i.__scatterload_zeroinit)
    set_tmr_enable                           0x20004bc5   Thumb Code    18  pwm.o(i.set_tmr_enable)
    timer0_register_callback                 0x20004bdd   Thumb Code     6  pwm.o(i.timer0_register_callback)
    timer0_set_pwm_high_counter              0x20004be9   Thumb Code     6  pwm.o(i.timer0_set_pwm_high_counter)
    timer0_set_pwm_low_counter               0x20004bf5   Thumb Code     6  pwm.o(i.timer0_set_pwm_low_counter)
    timer0_start                             0x20004c01   Thumb Code    12  pwm.o(i.timer0_start)
    timer2_enable                            0x20004c11   Thumb Code    18  pwm.o(i.timer2_enable)
    timer2_set_hw_pause                      0x20004c29   Thumb Code    18  pwm.o(i.timer2_set_hw_pause)
    timer2_set_sw_pause                      0x20004c41   Thumb Code    18  pwm.o(i.timer2_set_sw_pause)
    patch_table                              0x20004c58   Data          32  arch_main.o(.constdata)
    LUT_CFG                                  0x20004c78   Data          22  arch_main.o(.constdata)
    sps_svc                                  0x20004cd3   Data          16  sps_server_task.o(.constdata)
    sps_data_val                             0x20004ce3   Data          16  sps_server_task.o(.constdata)
    sps_data_tx_val                          0x20004cf3   Data          16  sps_server_task.o(.constdata)
    sps_flow_ctrl_val                        0x20004d03   Data          16  sps_server_task.o(.constdata)
    sps_server_disabled                      0x20004d14   Data           8  sps_server_task.o(.constdata)
    sps_server_idle                          0x20004d1c   Data           8  sps_server_task.o(.constdata)
    sps_server_active                        0x20004d24   Data          24  sps_server_task.o(.constdata)
    sps_server_state_handler                 0x20004d3c   Data          24  sps_server_task.o(.constdata)
    sps_server_default_handler               0x20004d54   Data           8  sps_server_task.o(.constdata)
    diss_att_db                              0x20004d5c   Data         228  diss.o(.constdata)
    diss_dis_svc                             0x20004e40   Data           2  diss.o(.constdata)
    diss_manufacturer_name_char              0x20004e42   Data           5  diss.o(.constdata)
    diss_model_nb_str_char                   0x20004e47   Data           5  diss.o(.constdata)
    diss_serial_nb_str_char                  0x20004e4c   Data           5  diss.o(.constdata)
    diss_hard_rev_str_char                   0x20004e51   Data           5  diss.o(.constdata)
    diss_firm_rev_str_char                   0x20004e56   Data           5  diss.o(.constdata)
    diss_sw_rev_str_char                     0x20004e5b   Data           5  diss.o(.constdata)
    diss_system_id_char                      0x20004e60   Data           5  diss.o(.constdata)
    diss_ieee_char                           0x20004e65   Data           5  diss.o(.constdata)
    diss_pnp_id_char                         0x20004e6a   Data           5  diss.o(.constdata)
    diss_disabled                            0x20004e80   Data           8  diss_task.o(.constdata)
    diss_idle                                0x20004e88   Data          16  diss_task.o(.constdata)
    diss_default_state                       0x20004e98   Data           8  diss_task.o(.constdata)
    diss_state_handler                       0x20004ea0   Data          24  diss_task.o(.constdata)
    diss_default_handler                     0x20004eb8   Data           8  diss_task.o(.constdata)
    bas_att_db                               0x20004ec0   Data          60  bass.o(.constdata)
    bas_svc                                  0x20004efc   Data           2  bass.o(.constdata)
    bas_batt_level_char                      0x20004efe   Data           5  bass.o(.constdata)
    bass_disabled                            0x20004f14   Data           8  bass_task.o(.constdata)
    bass_idle                                0x20004f1c   Data           8  bass_task.o(.constdata)
    bass_connected                           0x20004f24   Data          24  bass_task.o(.constdata)
    bass_default_state                       0x20004f3c   Data           8  bass_task.o(.constdata)
    bass_state_handler                       0x20004f44   Data          24  bass_task.o(.constdata)
    bass_default_handler                     0x20004f5c   Data           8  bass_task.o(.constdata)
    app_default_state                        0x20004f74   Data         128  app_task.o(.constdata)
    app_default_handler                      0x20004ff4   Data           8  app_task.o(.constdata)
    max_pkt_conint                           0x20004ffc   Data          24  app_stream_queue.o(.constdata)
    Region$$Table$$Base                      0x20005014   Number         0  anon$$obj.o(Region$$Table)
    Region$$Table$$Limit                     0x20005044   Number         0  anon$$obj.o(Region$$Table)
    sps_data_server_tx_char                  0x20005048   Data          19  sps_server_task.o(.data)
    sps_data_server_rx_char                  0x2000505b   Data          19  sps_server_task.o(.data)
    sps_flow_ctrl_char                       0x2000506e   Data          19  sps_server_task.o(.data)
    str_count                                0x20005084   Data           4  app_stream_queue.o(.data)
    min_val                                  0x20005088   Data           4  app_stream_queue.o(.data)
    stream_params                            0x2000508c   Data           4  app_stream_queue.o(.data)
    GPIO_status                              0x20008000   Data           8  gpio.o(.bss)
    GPIO                                     0x20008008   Data         160  gpio.o(.bss)
    GPIOHandlerFunction                      0x200080a8   Data          20  gpio.o(.bss)
    TIMER0_callback                          0x200080bc   Data           4  pwm.o(.bss)
    dbg_adc                                  0x200080c0   Data           2  battery.o(.bss)
    sps_server_state                         0x200080c2   Data           1  sps_server_task.o(.bss)
    avail_tx_buffers                         0x200080c4   Data           4  app_sps_uart.o(.bss)
    rwip_heap_non_ret                        0x200085f4   Data        2572  jump_table.o(heap_mem_area_not_ret)
    SystemCoreClock                          0x20009000   Data           0  rom_symdef.txt ABSOLUTE
    error                                    0x20009004   Data           0  rom_symdef.txt ABSOLUTE
    debug_uart_nb_bytes_send                 0x2000902c   Data           4  uart_sps.o(.bss)
    debug_uart_nb_bytes_received             0x20009030   Data           4  uart_sps.o(.bss)
    cpt_event                                0x20009034   Data           1  rwble.o(.bss)
    transmitting_data                        0x20009038   Data           4  rwble.o(.bss)
    sps_server_env                           0x2000903c   Data          12  sps_server.o(.bss)
    debug_ble_nb_bytes_received              0x20009048   Data           4  sps_server_task.o(.bss)
    fifo_read                                0x20009050   Data           1  app_stream_queue.o(.bss)
    fifo_write                               0x20009051   Data           1  app_stream_queue.o(.bss)
    asynch_flag                              0x20009052   Data           1  app_stream_queue.o(.bss)
    pkt_fifo                                 0x20009054   Data         400  app_stream_queue.o(.bss)
    __initial_sp                             0x20009800   Data           0  boot_vectors.o(STACK)
    clk_per_reg                              0x50000004   Data           4  pwm.o(.ARM.__AT_0x50000004)
    timer0_ctrl_reg                          0x50003400   Data           4  pwm.o(.ARM.__AT_0x50003400)
    triple_pwm_ctrl_reg                      0x50003410   Data           4  pwm.o(.ARM.__AT_0x50003410)



==============================================================================

Memory Map of the image

  Image Entry point : 0x20000441

  Load Region LR_IROM1 (Base: 0x20000000, Size: 0x000000a0, Max: 0x00000160, ABSOLUTE)

    Execution Region ER_IROM1 (Base: 0x20000000, Size: 0x000000a0, Max: 0x00000160, ABSOLUTE)

    Base Addr    Size         Type   Attr      Idx    E Section Name        Object

    0x20000000   0x000000a0   Data   RO           52    RESET               boot_vectors.o



  Load Region LR_IROM2 (Base: 0x20000160, Size: 0x00000160, Max: 0x00000160, ABSOLUTE)

    Execution Region ER_IROM2 (Base: 0x20000160, Size: 0x00000160, Max: 0x00000160, ABSOLUTE)

    Base Addr    Size         Type   Attr      Idx    E Section Name        Object

    0x20000160   0x00000160   Data   RO          410    jump_table_mem_area  jump_table.o



  Load Region LR_IROM3 (Base: 0x200002c0, Size: 0x00000064, Max: 0x00000080, ABSOLUTE)

    Execution Region ER_IROM3 (Base: 0x200002c0, Size: 0x00000064, Max: 0x00000080, ABSOLUTE)

    Base Addr    Size         Type   Attr      Idx    E Section Name        Object

    0x200002c0   0x00000064   Data   RO          909    timeout_table_area  gapm.o



  Load Region LR_IROM4 (Base: 0x20000340, Size: 0x000000a4, Max: 0x00000100, ABSOLUTE)

    Execution Region ER_IROM4 (Base: 0x20000340, Size: 0x000000a4, Max: 0x00000100, ABSOLUTE)

    Base Addr    Size         Type   Attr      Idx    E Section Name        Object

    0x20000340   0x000000a4   Data   RO          971    nvds_data_storage_area  nvds.o



  Load Region LR_IROM5 (Base: 0x20000440, Size: 0x00004c50, Max: 0x000093c0, ABSOLUTE)

    Execution Region ER_IROM5 (Base: 0x20000440, Size: 0x00004c50, Max: 0x00007ac0, ABSOLUTE)

    Base Addr    Size         Type   Attr      Idx    E Section Name        Object

    0x20000440   0x00000000   Code   RO         1579  * .ARM.Collect$$$$00000000  mc_p.l(entry.o)
    0x20000440   0x00000004   Code   RO         1596    .ARM.Collect$$$$00000001  mc_p.l(entry2.o)
    0x20000444   0x00000004   Code   RO         1599    .ARM.Collect$$$$00000004  mc_p.l(entry5.o)
    0x20000448   0x00000000   Code   RO         1601    .ARM.Collect$$$$00000008  mc_p.l(entry7b.o)
    0x20000448   0x00000000   Code   RO         1603    .ARM.Collect$$$$0000000A  mc_p.l(entry8b.o)
    0x20000448   0x00000008   Code   RO         1604    .ARM.Collect$$$$0000000B  mc_p.l(entry9a.o)
    0x20000450   0x00000000   Code   RO         1606    .ARM.Collect$$$$0000000D  mc_p.l(entry10a.o)
    0x20000450   0x00000000   Code   RO         1608    .ARM.Collect$$$$0000000F  mc_p.l(entry11a.o)
    0x20000450   0x00000004   Code   RO         1597    .ARM.Collect$$$$00002712  mc_p.l(entry2.o)
    0x20000454   0x00000054   Code   RO            2    .text               system_armcm0.o
    0x200004a8   0x0000006c   Code   RO           53    .text               boot_vectors.o
    0x20000514   0x0000005c   Code   RO           58    .text               hardfault_handler.o
    0x20000570   0x000003ac   Code   RO          114    .text               arch_main.o
    0x2000091c   0x00000002   Code   RO          405    .text               jump_table.o
    0x2000091e   0x00000002   PAD
    0x20000920   0x00000110   Code   RO          476    .text               arch_sleep.o
    0x20000a30   0x0000008c   Code   RO          495    .text               nmi_handler.o
    0x20000abc   0x0000018c   Code   RO          514    .text               periph_setup.o
    0x20000c48   0x000002d8   Code   RO          538    .text               arch_system.o
    0x20000f20   0x000002e8   Code   RO          582    .text               rf_580.o
    0x20001208   0x00000044   Code   RO          607    .text               gpio.o
    0x2000124c   0x00000274   Code   RO          684    .text               uart_sps.o
    0x200014c0   0x000001e0   Code   RO          716    .text               uart2.o
    0x200016a0   0x000000a0   Code   RO          737    .text               pwm.o
    0x20001740   0x00000060   Code   RO          870    .text               adc.o
    0x200017a0   0x00000158   Code   RO          885    .text               battery.o
    0x200018f8   0x000000b8   Code   RO          907    .text               ke_task.obj
    0x200019b0   0x000000ec   Code   RO          958    .text               atts_task.obj
    0x20001a9c   0x000000ec   Code   RO          962    .text               smpc.obj
    0x20001b88   0x0000020c   Code   RO          964    .text               smpc_task.obj
    0x20001d94   0x000000c4   Code   RO          966    .text               ch_map.obj
    0x20001e58   0x00000180   Code   RO          968    .text               gapm_util.obj
    0x20001fd8   0x00000274   Code   RO          970    .text               nvds.o
    0x2000224c   0x00000184   Code   RO          987    .text               rwip.o
    0x200023d0   0x000001c4   Code   RO         1006    .text               rwble.o
    0x20002594   0x00000118   Code   RO         1035    .text               prf_utils.o
    0x200026ac   0x00000028   Code   RO         1092    .text               sps_server.o
    0x200026d4   0x000003a8   Code   RO         1111    .text               sps_server_task.o
    0x20002a7c   0x000000a4   Code   RO         1155    .text               diss.o
    0x20002b20   0x000000fc   Code   RO         1189    .text               diss_task.o
    0x20002c1c   0x000000c0   Code   RO         1215    .text               bass.o
    0x20002cdc   0x00000314   Code   RO         1241    .text               bass_task.o
    0x20002ff0   0x00000100   Code   RO         1280    .text               app.o
    0x200030f0   0x000001c4   Code   RO         1367    .text               app_task.o
    0x200032b4   0x00000490   Code   RO         1397    .text               app_sps_uart.o
    0x20003744   0x000003fc   Code   RO         1430    .text               app_sps_proj.o
    0x20003b40   0x00000034   Code   RO         1446    .text               app_sps_task.o
    0x20003b74   0x00000068   Code   RO         1461    .text               app_sps_ble.o
    0x20003bdc   0x000001fc   Code   RO         1476    .text               app_stream_queue.o
    0x20003dd8   0x00000040   Code   RO         1499    .text               app_dis.o
    0x20003e18   0x00000174   Code   RO         1511    .text               app_dis_task.o
    0x20003f8c   0x0000019c   Code   RO         1523    .text               app_batt.o
    0x20004128   0x00000098   Code   RO         1542    .text               app_batt_task.o
    0x200041c0   0x00000044   Code   RO         1555    .text               app_wechat.o
    0x20004204   0x0000007a   Code   RO         1580    .text               mf_p.l(fmul.o)
    0x2000427e   0x0000007c   Code   RO         1582    .text               mf_p.l(fdiv.o)
    0x200042fa   0x00000018   Code   RO         1584    .text               mf_p.l(fscalb.o)
    0x20004312   0x00000016   Code   RO         1586    .text               mf_p.l(fflti.o)
    0x20004328   0x0000000e   Code   RO         1588    .text               mf_p.l(ffltui.o)
    0x20004336   0x00000028   Code   RO         1590    .text               mf_p.l(ffixui.o)
    0x2000435e   0x00000028   Code   RO         1592    .text               mf_p.l(f2d.o)
    0x20004386   0x00000038   Code   RO         1594    .text               mf_p.l(d2f.o)
    0x200043be   0x00000084   Code   RO         1610    .text               mf_p.l(fepilogue.o)
    0x20004442   0x00000002   PAD
    0x20004444   0x00000024   Code   RO         1612    .text               mc_p.l(init.o)
    0x20004468   0x0000000c   Ven    RO         1622    Veneer$$Code        anon$$obj.o
    0x20004474   0x0000000c   Ven    RO         1623    Veneer$$Code        anon$$obj.o
    0x20004480   0x0000000c   Ven    RO         1624    Veneer$$Code        anon$$obj.o
    0x2000448c   0x0000000c   Ven    RO         1625    Veneer$$Code        anon$$obj.o
    0x20004498   0x0000000c   Ven    RO         1626    Veneer$$Code        anon$$obj.o
    0x200044a4   0x0000000c   Ven    RO         1627    Veneer$$Code        anon$$obj.o
    0x200044b0   0x0000000c   Ven    RO         1628    Veneer$$Code        anon$$obj.o
    0x200044bc   0x0000000c   Ven    RO         1629    Veneer$$Code        anon$$obj.o
    0x200044c8   0x0000000c   Ven    RO         1630    Veneer$$Code        anon$$obj.o
    0x200044d4   0x0000000c   Ven    RO         1631    Veneer$$Code        anon$$obj.o
    0x200044e0   0x0000000c   Ven    RO         1632    Veneer$$Code        anon$$obj.o
    0x200044ec   0x0000000c   Ven    RO         1633    Veneer$$Code        anon$$obj.o
    0x200044f8   0x0000000c   Ven    RO         1634    Veneer$$Code        anon$$obj.o
    0x20004504   0x0000000c   Ven    RO         1635    Veneer$$Code        anon$$obj.o
    0x20004510   0x0000000c   Ven    RO         1636    Veneer$$Code        anon$$obj.o
    0x2000451c   0x0000000c   Ven    RO         1637    Veneer$$Code        anon$$obj.o
    0x20004528   0x0000000c   Ven    RO         1638    Veneer$$Code        anon$$obj.o
    0x20004534   0x0000000c   Ven    RO         1639    Veneer$$Code        anon$$obj.o
    0x20004540   0x0000000c   Ven    RO         1640    Veneer$$Code        anon$$obj.o
    0x2000454c   0x0000000c   Ven    RO         1641    Veneer$$Code        anon$$obj.o
    0x20004558   0x0000000c   Ven    RO         1642    Veneer$$Code        anon$$obj.o
    0x20004564   0x0000000c   Ven    RO         1643    Veneer$$Code        anon$$obj.o
    0x20004570   0x0000000c   Ven    RO         1644    Veneer$$Code        anon$$obj.o
    0x2000457c   0x0000000c   Ven    RO         1645    Veneer$$Code        anon$$obj.o
    0x20004588   0x0000000c   Ven    RO         1646    Veneer$$Code        anon$$obj.o
    0x20004594   0x0000000c   Ven    RO         1647    Veneer$$Code        anon$$obj.o
    0x200045a0   0x0000000c   Ven    RO         1648    Veneer$$Code        anon$$obj.o
    0x200045ac   0x0000000c   Ven    RO         1649    Veneer$$Code        anon$$obj.o
    0x200045b8   0x0000000c   Ven    RO         1650    Veneer$$Code        anon$$obj.o
    0x200045c4   0x0000000c   Ven    RO         1651    Veneer$$Code        anon$$obj.o
    0x200045d0   0x0000000c   Ven    RO         1652    Veneer$$Code        anon$$obj.o
    0x200045dc   0x0000000c   Ven    RO         1653    Veneer$$Code        anon$$obj.o
    0x200045e8   0x0000000c   Ven    RO         1654    Veneer$$Code        anon$$obj.o
    0x200045f4   0x0000000c   Ven    RO         1655    Veneer$$Code        anon$$obj.o
    0x20004600   0x0000000c   Ven    RO         1656    Veneer$$Code        anon$$obj.o
    0x2000460c   0x0000000c   Ven    RO         1657    Veneer$$Code        anon$$obj.o
    0x20004618   0x0000000c   Ven    RO         1658    Veneer$$Code        anon$$obj.o
    0x20004624   0x0000000c   Ven    RO         1659    Veneer$$Code        anon$$obj.o
    0x20004630   0x0000000c   Ven    RO         1660    Veneer$$Code        anon$$obj.o
    0x2000463c   0x0000000c   Ven    RO         1661    Veneer$$Code        anon$$obj.o
    0x20004648   0x0000000c   Ven    RO         1662    Veneer$$Code        anon$$obj.o
    0x20004654   0x0000000c   Ven    RO         1663    Veneer$$Code        anon$$obj.o
    0x20004660   0x0000000c   Ven    RO         1664    Veneer$$Code        anon$$obj.o
    0x2000466c   0x0000000c   Ven    RO         1665    Veneer$$Code        anon$$obj.o
    0x20004678   0x0000000c   Ven    RO         1666    Veneer$$Code        anon$$obj.o
    0x20004684   0x0000000c   Ven    RO         1667    Veneer$$Code        anon$$obj.o
    0x20004690   0x0000000c   Ven    RO         1668    Veneer$$Code        anon$$obj.o
    0x2000469c   0x0000000c   Ven    RO         1669    Veneer$$Code        anon$$obj.o
    0x200046a8   0x0000000c   Ven    RO         1670    Veneer$$Code        anon$$obj.o
    0x200046b4   0x0000000c   Ven    RO         1671    Veneer$$Code        anon$$obj.o
    0x200046c0   0x0000000c   Ven    RO         1672    Veneer$$Code        anon$$obj.o
    0x200046cc   0x0000000c   Ven    RO         1673    Veneer$$Code        anon$$obj.o
    0x200046d8   0x0000000c   Ven    RO         1674    Veneer$$Code        anon$$obj.o
    0x200046e4   0x0000000c   Ven    RO         1675    Veneer$$Code        anon$$obj.o
    0x200046f0   0x0000000c   Ven    RO         1676    Veneer$$Code        anon$$obj.o
    0x200046fc   0x0000000c   Ven    RO         1677    Veneer$$Code        anon$$obj.o
    0x20004708   0x0000000c   Ven    RO         1678    Veneer$$Code        anon$$obj.o
    0x20004714   0x0000000c   Ven    RO         1679    Veneer$$Code        anon$$obj.o
    0x20004720   0x0000000c   Ven    RO         1680    Veneer$$Code        anon$$obj.o
    0x2000472c   0x0000000c   Ven    RO         1681    Veneer$$Code        anon$$obj.o
    0x20004738   0x0000000c   Ven    RO         1682    Veneer$$Code        anon$$obj.o
    0x20004744   0x0000000c   Ven    RO         1683    Veneer$$Code        anon$$obj.o
    0x20004750   0x0000000c   Ven    RO         1684    Veneer$$Code        anon$$obj.o
    0x2000475c   0x0000000c   Ven    RO         1685    Veneer$$Code        anon$$obj.o
    0x20004768   0x0000000c   Ven    RO         1686    Veneer$$Code        anon$$obj.o
    0x20004774   0x0000000c   Ven    RO         1687    Veneer$$Code        anon$$obj.o
    0x20004780   0x0000000c   Ven    RO         1688    Veneer$$Code        anon$$obj.o
    0x2000478c   0x0000000c   Ven    RO         1689    Veneer$$Code        anon$$obj.o
    0x20004798   0x0000000c   Ven    RO         1690    Veneer$$Code        anon$$obj.o
    0x200047a4   0x0000000c   Ven    RO         1691    Veneer$$Code        anon$$obj.o
    0x200047b0   0x0000000c   Ven    RO         1692    Veneer$$Code        anon$$obj.o
    0x200047bc   0x0000000c   Ven    RO         1693    Veneer$$Code        anon$$obj.o
    0x200047c8   0x0000000c   Ven    RO         1694    Veneer$$Code        anon$$obj.o
    0x200047d4   0x0000000c   Ven    RO         1695    Veneer$$Code        anon$$obj.o
    0x200047e0   0x0000000c   Ven    RO         1696    Veneer$$Code        anon$$obj.o
    0x200047ec   0x0000000c   Ven    RO         1697    Veneer$$Code        anon$$obj.o
    0x200047f8   0x0000000c   Ven    RO         1698    Veneer$$Code        anon$$obj.o
    0x20004804   0x0000000c   Ven    RO         1699    Veneer$$Code        anon$$obj.o
    0x20004810   0x0000000c   Ven    RO         1700    Veneer$$Code        anon$$obj.o
    0x2000481c   0x0000000c   Ven    RO         1701    Veneer$$Code        anon$$obj.o
    0x20004828   0x0000000c   Ven    RO         1702    Veneer$$Code        anon$$obj.o
    0x20004834   0x0000000c   Ven    RO         1703    Veneer$$Code        anon$$obj.o
    0x20004840   0x0000000c   Ven    RO         1704    Veneer$$Code        anon$$obj.o
    0x2000484c   0x0000000c   Ven    RO         1705    Veneer$$Code        anon$$obj.o
    0x20004858   0x0000000c   Ven    RO         1706    Veneer$$Code        anon$$obj.o
    0x20004864   0x0000000c   Ven    RO         1707    Veneer$$Code        anon$$obj.o
    0x20004870   0x0000000c   Ven    RO         1708    Veneer$$Code        anon$$obj.o
    0x2000487c   0x0000000c   Ven    RO         1709    Veneer$$Code        anon$$obj.o
    0x20004888   0x0000000c   Ven    RO         1710    Veneer$$Code        anon$$obj.o
    0x20004894   0x0000000c   Ven    RO         1711    Veneer$$Code        anon$$obj.o
    0x200048a0   0x0000000c   Ven    RO         1712    Veneer$$Code        anon$$obj.o
    0x200048ac   0x0000000c   Ven    RO         1713    Veneer$$Code        anon$$obj.o
    0x200048b8   0x0000000c   Ven    RO         1714    Veneer$$Code        anon$$obj.o
    0x200048c4   0x0000000c   Ven    RO         1715    Veneer$$Code        anon$$obj.o
    0x200048d0   0x0000000c   Ven    RO         1716    Veneer$$Code        anon$$obj.o
    0x200048dc   0x0000000c   Ven    RO         1717    Veneer$$Code        anon$$obj.o
    0x200048e8   0x0000000c   Ven    RO         1718    Veneer$$Code        anon$$obj.o
    0x200048f4   0x0000000c   Ven    RO         1719    Veneer$$Code        anon$$obj.o
    0x20004900   0x0000000c   Ven    RO         1720    Veneer$$Code        anon$$obj.o
    0x2000490c   0x0000000c   Ven    RO         1721    Veneer$$Code        anon$$obj.o
    0x20004918   0x0000000c   Ven    RO         1722    Veneer$$Code        anon$$obj.o
    0x20004924   0x0000000c   Ven    RO         1723    Veneer$$Code        anon$$obj.o
    0x20004930   0x0000000c   Ven    RO         1724    Veneer$$Code        anon$$obj.o
    0x2000493c   0x0000000c   Ven    RO         1725    Veneer$$Code        anon$$obj.o
    0x20004948   0x0000000c   Ven    RO         1726    Veneer$$Code        anon$$obj.o
    0x20004954   0x00000054   Code   RO          644    i.GPIO_ConfigurePin  gpio.o
    0x200049a8   0x00000098   Code   RO          662    i.GPIO_ResetIRQ     gpio.o
    0x20004a40   0x00000044   Code   RO          638    i.GPIO_SetActive    gpio.o
    0x20004a84   0x00000044   Code   RO          632    i.GPIO_SetInactive  gpio.o
    0x20004ac8   0x00000048   Code   RO          626    i.GPIO_SetPinFunction  gpio.o
    0x20004b10   0x00000094   Code   RO          620    i.GPIO_init         gpio.o
    0x20004ba4   0x0000000e   Code   RO         1616    i.__scatterload_copy  mc_p.l(handlers.o)
    0x20004bb2   0x00000002   Code   RO         1617    i.__scatterload_null  mc_p.l(handlers.o)
    0x20004bb4   0x0000000e   Code   RO         1618    i.__scatterload_zeroinit  mc_p.l(handlers.o)
    0x20004bc2   0x00000002   PAD
    0x20004bc4   0x00000018   Code   RO          752    i.set_tmr_enable    pwm.o
    0x20004bdc   0x0000000c   Code   RO          799    i.timer0_register_callback  pwm.o
    0x20004be8   0x0000000c   Code   RO          787    i.timer0_set_pwm_high_counter  pwm.o
    0x20004bf4   0x0000000c   Code   RO          793    i.timer0_set_pwm_low_counter  pwm.o
    0x20004c00   0x00000010   Code   RO          764    i.timer0_start      pwm.o
    0x20004c10   0x00000018   Code   RO          805    i.timer2_enable     pwm.o
    0x20004c28   0x00000018   Code   RO          810    i.timer2_set_hw_pause  pwm.o
    0x20004c40   0x00000018   Code   RO          815    i.timer2_set_sw_pause  pwm.o
    0x20004c58   0x00000020   Data   RO          115    .constdata          arch_main.o
    0x20004c78   0x00000016   Data   RO          116    .constdata          arch_main.o
    0x20004c8e   0x00000008   Data   RO          609    .constdata          gpio.o
    0x20004c96   0x00000002   PAD
    0x20004c98   0x00000010   Data   RO         1094    .constdata          sps_server.o
    0x20004ca8   0x0000006b   Data   RO         1114    .constdata          sps_server_task.o
    0x20004d13   0x00000001   PAD
    0x20004d14   0x00000008   Data   RO         1115    .constdata          sps_server_task.o
    0x20004d1c   0x00000008   Data   RO         1116    .constdata          sps_server_task.o
    0x20004d24   0x00000018   Data   RO         1117    .constdata          sps_server_task.o
    0x20004d3c   0x00000018   Data   RO         1118    .constdata          sps_server_task.o
    0x20004d54   0x00000008   Data   RO         1119    .constdata          sps_server_task.o
    0x20004d5c   0x000000e4   Data   RO         1156    .constdata          diss.o
    0x20004e40   0x00000002   Data   RO         1157    .constdata          diss.o
    0x20004e42   0x00000005   Data   RO         1158    .constdata          diss.o
    0x20004e47   0x00000005   Data   RO         1159    .constdata          diss.o
    0x20004e4c   0x00000005   Data   RO         1160    .constdata          diss.o
    0x20004e51   0x00000005   Data   RO         1161    .constdata          diss.o
    0x20004e56   0x00000005   Data   RO         1162    .constdata          diss.o
    0x20004e5b   0x00000005   Data   RO         1163    .constdata          diss.o
    0x20004e60   0x00000005   Data   RO         1164    .constdata          diss.o
    0x20004e65   0x00000005   Data   RO         1165    .constdata          diss.o
    0x20004e6a   0x00000005   Data   RO         1166    .constdata          diss.o
    0x20004e6f   0x00000001   PAD
    0x20004e70   0x00000010   Data   RO         1167    .constdata          diss.o
    0x20004e80   0x00000008   Data   RO         1190    .constdata          diss_task.o
    0x20004e88   0x00000010   Data   RO         1191    .constdata          diss_task.o
    0x20004e98   0x00000008   Data   RO         1192    .constdata          diss_task.o
    0x20004ea0   0x00000018   Data   RO         1193    .constdata          diss_task.o
    0x20004eb8   0x00000008   Data   RO         1194    .constdata          diss_task.o
    0x20004ec0   0x0000003c   Data   RO         1216    .constdata          bass.o
    0x20004efc   0x00000002   Data   RO         1217    .constdata          bass.o
    0x20004efe   0x00000005   Data   RO         1218    .constdata          bass.o
    0x20004f03   0x00000001   PAD
    0x20004f04   0x00000010   Data   RO         1219    .constdata          bass.o
    0x20004f14   0x00000008   Data   RO         1242    .constdata          bass_task.o
    0x20004f1c   0x00000008   Data   RO         1243    .constdata          bass_task.o
    0x20004f24   0x00000018   Data   RO         1244    .constdata          bass_task.o
    0x20004f3c   0x00000008   Data   RO         1245    .constdata          bass_task.o
    0x20004f44   0x00000018   Data   RO         1246    .constdata          bass_task.o
    0x20004f5c   0x00000008   Data   RO         1247    .constdata          bass_task.o
    0x20004f64   0x00000010   Data   RO         1281    .constdata          app.o
    0x20004f74   0x00000080   Data   RO         1368    .constdata          app_task.o
    0x20004ff4   0x00000008   Data   RO         1369    .constdata          app_task.o
    0x20004ffc   0x00000018   Data   RO         1478    .constdata          app_stream_queue.o
    0x20005014   0x00000030   Data   RO         1614    Region$$Table       anon$$obj.o
    0x20005044   0x00000004   Data   RW          516    .data               periph_setup.o
    0x20005048   0x00000039   Data   RW         1120    .data               sps_server_task.o
    0x20005081   0x00000003   PAD
    0x20005084   0x0000000c   Data   RW         1480    .data               app_stream_queue.o


    Execution Region RW_IRAM50 (Base: 0x20008000, Size: 0x000000cc, Max: 0x000005f4, ABSOLUTE)

    Base Addr    Size         Type   Attr      Idx    E Section Name        Object

    0x20008000   0x000000bc   Zero   RW          608    .bss                gpio.o
    0x200080bc   0x00000004   Zero   RW          741    .bss                pwm.o
    0x200080c0   0x00000002   Zero   RW          886    .bss                battery.o
    0x200080c2   0x00000001   Zero   RW         1113    .bss                sps_server_task.o
    0x200080c3   0x00000001   PAD
    0x200080c4   0x00000008   Zero   RW         1398    .bss                app_sps_uart.o


    Execution Region RW_IRAM51 (Base: 0x200085f4, Size: 0x00000a0c, Max: 0x00000a0c, ABSOLUTE, UNINIT)

    Base Addr    Size         Type   Attr      Idx    E Section Name        Object

    0x200085f4   0x00000a0c   Zero   RW          408    heap_mem_area_not_ret  jump_table.o


    Execution Region RW_IRAM52 (Base: 0x20009000, Size: 0x00000020, Max: 0x00000020, ABSOLUTE, UNINIT)

    Base Addr    Size         Type   Attr      Idx    E Section Name        Object

    0x20009000   0x00000020   Zero   RW            1    RW_IRAM52.bss       anon$$obj.o


    Execution Region RW_IRAM53 (Base: 0x20009020, Size: 0x000001c4, Max: 0x000001e0, ABSOLUTE)

    Base Addr    Size         Type   Attr      Idx    E Section Name        Object

    0x20009020   0x00000008   Zero   RW          515    .bss                periph_setup.o
    0x20009028   0x0000000c   Zero   RW          685    .bss                uart_sps.o
    0x20009034   0x00000008   Zero   RW         1007    .bss                rwble.o
    0x2000903c   0x0000000c   Zero   RW         1093    .bss                sps_server.o
    0x20009048   0x00000008   Zero   RW         1112    .bss                sps_server_task.o
    0x20009050   0x00000194   Zero   RW         1477    .bss                app_stream_queue.o


    Execution Region RW_IRAM54 (Base: 0x20009200, Size: 0x00000600, Max: 0x00000600, ABSOLUTE, UNINIT)

    Base Addr    Size         Type   Attr      Idx    E Section Name        Object

    0x20009200   0x00000600   Zero   RW           50    STACK               boot_vectors.o



  Load Region LR_RETENTION_RAM0 (Base: 0x00080768, Size: 0x00000000, Max: 0x00001898, ABSOLUTE)

    Execution Region ZI_RET00 (Base: 0x00080768, Size: 0x00000fe8, Max: 0x000012b8, ABSOLUTE, UNINIT)

    Base Addr    Size         Type   Attr      Idx    E Section Name        Object

    0x00080768   0x00000600   Zero   RW          406    heap_db_area        jump_table.o
    0x00080d68   0x0000029c   Zero   RW          407    heap_env_area       jump_table.o
    0x00081004   0x000005f8   Zero   RW          409    heap_msg_area       jump_table.o
    0x000815fc   0x00000001   Zero   RW          118    retention_mem_area0  arch_main.o
    0x000815fd   0x00000004   Zero   RW          477    retention_mem_area0  arch_sleep.o
    0x00081601   0x00000003   PAD
    0x00081604   0x00000014   Zero   RW          539    retention_mem_area0  arch_system.o
    0x00081618   0x00000024   Zero   RW          686    retention_mem_area0  uart_sps.o
    0x0008163c   0x0000001c   Zero   RW          717    retention_mem_area0  uart2.o
    0x00081658   0x00000006   Zero   RW          972    retention_mem_area0  nvds.o
    0x0008165e   0x00000001   Zero   RW         1008    retention_mem_area0  rwble.o
    0x0008165f   0x00000001   PAD
    0x00081660   0x00000012   Zero   RW         1168    retention_mem_area0  diss.o
    0x00081672   0x00000001   Zero   RW         1195    retention_mem_area0  diss_task.o
    0x00081673   0x00000001   PAD
    0x00081674   0x0000000e   Zero   RW         1220    retention_mem_area0  bass.o
    0x00081682   0x00000001   Zero   RW         1248    retention_mem_area0  bass_task.o
    0x00081683   0x00000001   PAD
    0x00081684   0x0000000c   Zero   RW         1282    retention_mem_area0  app.o
    0x00081690   0x00000001   Zero   RW         1370    retention_mem_area0  app_task.o
    0x00081691   0x00000006   Zero   RW         1371    retention_mem_area0  app_task.o
    0x00081697   0x00000001   PAD
    0x00081698   0x00000070   Zero   RW         1399    retention_mem_area0  app_sps_uart.o
    0x00081708   0x0000003d   Zero   RW         1431    retention_mem_area0  app_sps_proj.o
    0x00081745   0x00000001   PAD
    0x00081746   0x00000002   Zero   RW         1447    retention_mem_area0  app_sps_task.o
    0x00081748   0x00000008   Zero   RW         1524    retention_mem_area0  app_batt.o


    Execution Region ZI_RET01 (Base: 0x00081a20, Size: 0x000005e0, Max: 0x000005e0, ABSOLUTE)

    Base Addr    Size         Type   Attr      Idx    E Section Name        Object

    0x00081a20   0x000005de   Zero   RW          117    BLE_exchange_memory  arch_main.o



  Load Region LR_RETENTION_RAM2 (Base: 0x00082000, Size: 0x00000000, Max: 0x00001000, ABSOLUTE)

    Execution Region ZI_RET20 (Base: 0x00082000, Size: 0x00000000, Max: 0x00001000, ABSOLUTE, UNINIT)

    **** No section assigned to this execution region ****



  Load Region LR$$.ARM.__AT_0x50000004 (Base: 0x50000004, Size: 0x00000000, Max: 0x00000004, ABSOLUTE)

    Execution Region ER$$.ARM.__AT_0x50000004 (Base: 0x50000004, Size: 0x00000004, Max: 0x00000004, ABSOLUTE, UNINIT)

    Base Addr    Size         Type   Attr      Idx    E Section Name        Object

    0x50000004   0x00000004   Zero   RW          738    .ARM.__AT_0x50000004  pwm.o



  Load Region LR$$.ARM.__AT_0x50003400 (Base: 0x50003400, Size: 0x00000000, Max: 0x00000004, ABSOLUTE)

    Execution Region ER$$.ARM.__AT_0x50003400 (Base: 0x50003400, Size: 0x00000004, Max: 0x00000004, ABSOLUTE, UNINIT)

    Base Addr    Size         Type   Attr      Idx    E Section Name        Object

    0x50003400   0x00000004   Zero   RW          739    .ARM.__AT_0x50003400  pwm.o



  Load Region LR$$.ARM.__AT_0x50003410 (Base: 0x50003410, Size: 0x00000000, Max: 0x00000004, ABSOLUTE)

    Execution Region ER$$.ARM.__AT_0x50003410 (Base: 0x50003410, Size: 0x00000004, Max: 0x00000004, ABSOLUTE, UNINIT)

    Base Addr    Size         Type   Attr      Idx    E Section Name        Object

    0x50003410   0x00000004   Zero   RW          740    .ARM.__AT_0x50003410  pwm.o


==============================================================================

Image component sizes


      Code (inc. data)   RO Data    RW Data    ZI Data      Debug   Object Name

        96         12          0          0          0        957   adc.o
       256         20         16          0         12       9024   app.o
       412         22          0          0          8       3608   app_batt.o
       152         26          0          0          0       2462   app_batt_task.o
        64          4          0          0          0       1405   app_dis.o
       372         78          0          0          0       1938   app_dis_task.o
       104          8          0          0          0       1737   app_sps_ble.o
      1020         90          0          0         61       6779   app_sps_proj.o
        52          4          0          0          2       1908   app_sps_task.o
      1168         34          0          0        120       7629   app_sps_uart.o
       508         28         24         12        404       5881   app_stream_queue.o
       452         28        136          0          7       6025   app_task.o
        68          6          0          0          0       1446   app_wechat.o
       940        142         54          0       1503     166584   arch_main.o
       272         20          0          0          4       4280   arch_sleep.o
       728         66          0          0         20      82142   arch_system.o
       236         18          0          0          0         72   atts_task.obj
       192         12         83          0         14       4609   bass.o
       788         16         80          0          1       5331   bass_task.o
       344         34          0          0          2       2255   battery.o
       108         22        160          0       1536        724   boot_vectors.o
       196         12          0          0          0        108   ch_map.obj
       164         14        291          0         18       5665   diss.o
       252         12         64          0          1       3676   diss_task.o
         0          0        100          0          0       2832   gapm.o
       384         38          0          0          0        112   gapm_util.obj
       660         56          8          0        188      13039   gpio.o
        92          8          0          0          0      93578   hardfault_handler.o
         2          0        352          0       6304       2748   jump_table.o
       184         18          0          0          0         96   ke_task.obj
       140         16          0          0          0       8945   nmi_handler.o
       628         30        164          0          6       2355   nvds.o
       396         36          0          4          8       3214   periph_setup.o
       280          6          0          0          0       7537   prf_utils.o
       308         68          0          0         16      13223   pwm.o
       744        176          0          0          0      64628   rf_580.o
       452         46          0          0          9      63457   rwble.o
       388         44          0          0          0      63006   rwip.o
       236          8          0          0          0        136   smpc.obj
       524          6          0          0          0         84   smpc_task.obj
        40          8         16          0         12       3120   sps_server.o
       936         42        179         57          9       5465   sps_server_task.o
        84         14          0          0          0     100049   system_armcm0.o
       480         20          0          0         28      19387   uart2.o
       628         22          0          0         48      25095   uart_sps.o

    ----------------------------------------------------------------------
     17792       1810       1780         76      10384     818351   Object Totals
      1260        420         48          0         32          0   (incl. Generated)
         2          0          5          3         11          0   (incl. Padding)

    ----------------------------------------------------------------------

      Code (inc. data)   RO Data    RW Data    ZI Data      Debug   Library Member Name

         0          0          0          0          0          0   entry.o
         0          0          0          0          0          0   entry10a.o
         0          0          0          0          0          0   entry11a.o
         8          4          0          0          0          0   entry2.o
         4          0          0          0          0          0   entry5.o
         0          0          0          0          0          0   entry7b.o
         0          0          0          0          0          0   entry8b.o
         8          4          0          0          0          0   entry9a.o
        30          0          0          0          0          0   handlers.o
        36          8          0          0          0         68   init.o
        56          0          0          0          0         68   d2f.o
        40          0          0          0          0         60   f2d.o
       124          0          0          0          0         72   fdiv.o
       132          0          0          0          0        144   fepilogue.o
        40          0          0          0          0         60   ffixui.o
        22          0          0          0          0         68   fflti.o
        14          0          0          0          0         68   ffltui.o
       122          0          0          0          0         72   fmul.o
        24          0          0          0          0         60   fscalb.o

    ----------------------------------------------------------------------
       664         16          0          0          0        740   Library Totals
         4          0          0          0          0          0   (incl. Padding)

    ----------------------------------------------------------------------

      Code (inc. data)   RO Data    RW Data    ZI Data      Debug   Library Name

        86         16          0          0          0         68   mc_p.l
       574          0          0          0          0        672   mf_p.l

    ----------------------------------------------------------------------
       664         16          0          0          0        740   Library Totals

    ----------------------------------------------------------------------

==============================================================================


      Code (inc. data)   RO Data    RW Data    ZI Data      Debug   

     18456       1826       1780         76      10384     814595   Grand Totals
     18456       1826       1780         76      10384     814595   ELF Image Totals
     18456       1826       1780         76          0          0   ROM Totals

==============================================================================

    Total RO  Size (Code + RO Data)                20236 (  19.76kB)
    Total RW  Size (RW Data + ZI Data)             10460 (  10.21kB)
    Total ROM Size (Code + RO Data + RW Data)      20312 (  19.84kB)

==============================================================================

